14:15:29 **** Incremental Build of configuration Debug for project stmcube_prj ****
Info: Internal Builder is used for build
arm-atollic-eabi-gcc -c -mthumb -mcpu=cortex-m0plus -std=gnu11 -DUSE_HAL_DRIVER -DSTM32L051xx -I../../../Core/Inc -I../../../Drivers/STM32L0xx_HAL_Driver/Inc -I../../../Drivers/STM32L0xx_HAL_Driver/Inc/Legacy -I../../../Drivers/CMSIS/Device/ST/STM32L0xx/Include -I../../../Drivers/CMSIS/Include -ffunction-sections -fdata-sections -g -fstack-usage -Wall -specs=nano.specs -o Application\User\Core\c_drivers\cmd_handler.o ..\..\..\c_drivers\cmd_handler.c 
arm-atollic-eabi-gcc -c -mthumb -mcpu=cortex-m0plus -std=gnu11 -DUSE_HAL_DRIVER -DSTM32L051xx -I../../../Core/Inc -I../../../Drivers/STM32L0xx_HAL_Driver/Inc -I../../../Drivers/STM32L0xx_HAL_Driver/Inc/Legacy -I../../../Drivers/CMSIS/Device/ST/STM32L0xx/Include -I../../../Drivers/CMSIS/Include -ffunction-sections -fdata-sections -g -fstack-usage -Wall -specs=nano.specs -o Application\User\Core\c_drivers\hal_wrapper.o ..\..\..\c_drivers\hal_wrapper.c 
arm-atollic-eabi-gcc -o stmcube_prj.elf Application\TrueSTUDIO\startup_stm32l051xx.o Application\TrueSTUDIO\syscalls.o Application\User\Core\c_drivers\cmd_handler.o Application\User\Core\c_drivers\hal_wrapper.o Application\User\Core\main.o Application\User\Core\stm32l0xx_hal_msp.o Application\User\Core\stm32l0xx_it.o Drivers\CMSIS\system_stm32l0xx.o Drivers\STM32L0xx_HAL_Driver\stm32l0xx_hal.o Drivers\STM32L0xx_HAL_Driver\stm32l0xx_hal_adc.o Drivers\STM32L0xx_HAL_Driver\stm32l0xx_hal_adc_ex.o Drivers\STM32L0xx_HAL_Driver\stm32l0xx_hal_cortex.o Drivers\STM32L0xx_HAL_Driver\stm32l0xx_hal_dma.o Drivers\STM32L0xx_HAL_Driver\stm32l0xx_hal_exti.o Drivers\STM32L0xx_HAL_Driver\stm32l0xx_hal_flash.o Drivers\STM32L0xx_HAL_Driver\stm32l0xx_hal_flash_ex.o Drivers\STM32L0xx_HAL_Driver\stm32l0xx_hal_flash_ramfunc.o Drivers\STM32L0xx_HAL_Driver\stm32l0xx_hal_gpio.o Drivers\STM32L0xx_HAL_Driver\stm32l0xx_hal_i2c.o Drivers\STM32L0xx_HAL_Driver\stm32l0xx_hal_i2c_ex.o Drivers\STM32L0xx_HAL_Driver\stm32l0xx_hal_pwr.o Drivers\STM32L0xx_HAL_Driver\stm32l0xx_hal_pwr_ex.o Drivers\STM32L0xx_HAL_Driver\stm32l0xx_hal_rcc.o Drivers\STM32L0xx_HAL_Driver\stm32l0xx_hal_rcc_ex.o Drivers\STM32L0xx_HAL_Driver\stm32l0xx_hal_tim.o Drivers\STM32L0xx_HAL_Driver\stm32l0xx_hal_tim_ex.o Drivers\STM32L0xx_HAL_Driver\stm32l0xx_hal_uart.o Drivers\STM32L0xx_HAL_Driver\stm32l0xx_hal_uart_ex.o -mthumb -mcpu=cortex-m0plus -T../STM32L051K8_FLASH.ld -specs=nosys.specs -static -Wl,-Map=stmcube_prj.map -Wl,--gc-sections -Wl,--defsym=malloc_getpagesize_P=0x80 -Wl,--start-group -lc -lm -Wl,--end-group -specs=nano.specs 
C:\Program Files (x86)\Atollic\TrueSTUDIO for STM32 9.3.0\ide\jre\bin\java -jar C:\Program Files (x86)\Atollic\TrueSTUDIO for STM32 9.3.0\Tools\arm-atollic-reports.jar sizeinfo list stmcube_prj.elf 
Generate build reports...
Print size information
   text	   data	    bss	    dec	    hex	filename
  16796	     20	   2004	  18820	   4984	stmcube_prj.elf
Print size information done
Generate listing file
Output sent to: stmcube_prj.list
Generate listing file done
Generate build reports done
arm-atollic-eabi-objcopy.exe -O ihex stmcube_prj.elf stmcube_prj.hex 
Info: Parallel threads used: 2

14:15:31 Build Finished (took 2s.12ms)

