Archive member included to satisfy reference by file (symbol)

c:/program files (x86)/atollic/truestudio for stm32 9.3.0/armtools/bin/../lib/gcc/arm-atollic-eabi/6.3.1/../../../../arm-atollic-eabi/lib/armv6-m\libc_nano.a(lib_a-errno.o)
                              Application\TrueSTUDIO\syscalls.o (__errno)
c:/program files (x86)/atollic/truestudio for stm32 9.3.0/armtools/bin/../lib/gcc/arm-atollic-eabi/6.3.1/../../../../arm-atollic-eabi/lib/armv6-m\libc_nano.a(lib_a-impure.o)
                              c:/program files (x86)/atollic/truestudio for stm32 9.3.0/armtools/bin/../lib/gcc/arm-atollic-eabi/6.3.1/../../../../arm-atollic-eabi/lib/armv6-m\libc_nano.a(lib_a-errno.o) (_impure_ptr)
c:/program files (x86)/atollic/truestudio for stm32 9.3.0/armtools/bin/../lib/gcc/arm-atollic-eabi/6.3.1/../../../../arm-atollic-eabi/lib/armv6-m\libc_nano.a(lib_a-init.o)
                              Application\TrueSTUDIO\startup_stm32l051xx.o (__libc_init_array)
c:/program files (x86)/atollic/truestudio for stm32 9.3.0/armtools/bin/../lib/gcc/arm-atollic-eabi/6.3.1/../../../../arm-atollic-eabi/lib/armv6-m\libc_nano.a(lib_a-memset.o)
                              Application\User\Core\c_drivers\hal_wrapper.o (memset)
c:/program files (x86)/atollic/truestudio for stm32 9.3.0/armtools/bin/../lib/gcc/arm-atollic-eabi/6.3.1/armv6-m\libgcc.a(_udivsi3.o)
                              Drivers\CMSIS\system_stm32l0xx.o (__aeabi_uidiv)
c:/program files (x86)/atollic/truestudio for stm32 9.3.0/armtools/bin/../lib/gcc/arm-atollic-eabi/6.3.1/armv6-m\libgcc.a(_dvmd_tls.o)
                              c:/program files (x86)/atollic/truestudio for stm32 9.3.0/armtools/bin/../lib/gcc/arm-atollic-eabi/6.3.1/armv6-m\libgcc.a(_udivsi3.o) (__aeabi_idiv0)
c:/program files (x86)/atollic/truestudio for stm32 9.3.0/armtools/bin/../lib/gcc/arm-atollic-eabi/6.3.1/armv6-m\libgcc.a(_aeabi_uldivmod.o)
                              Drivers\STM32L0xx_HAL_Driver\stm32l0xx_hal_rcc.o (__aeabi_uldivmod)
c:/program files (x86)/atollic/truestudio for stm32 9.3.0/armtools/bin/../lib/gcc/arm-atollic-eabi/6.3.1/armv6-m\libgcc.a(_muldi3.o)
                              Drivers\STM32L0xx_HAL_Driver\stm32l0xx_hal_rcc.o (__aeabi_lmul)
c:/program files (x86)/atollic/truestudio for stm32 9.3.0/armtools/bin/../lib/gcc/arm-atollic-eabi/6.3.1/armv6-m\libgcc.a(_udivmoddi4.o)
                              c:/program files (x86)/atollic/truestudio for stm32 9.3.0/armtools/bin/../lib/gcc/arm-atollic-eabi/6.3.1/armv6-m\libgcc.a(_aeabi_uldivmod.o) (__udivmoddi4)
c:/program files (x86)/atollic/truestudio for stm32 9.3.0/armtools/bin/../lib/gcc/arm-atollic-eabi/6.3.1/armv6-m\libgcc.a(_clzdi2.o)
                              c:/program files (x86)/atollic/truestudio for stm32 9.3.0/armtools/bin/../lib/gcc/arm-atollic-eabi/6.3.1/armv6-m\libgcc.a(_udivmoddi4.o) (__clzdi2)
c:/program files (x86)/atollic/truestudio for stm32 9.3.0/armtools/bin/../lib/gcc/arm-atollic-eabi/6.3.1/armv6-m\libgcc.a(_clzsi2.o)
                              c:/program files (x86)/atollic/truestudio for stm32 9.3.0/armtools/bin/../lib/gcc/arm-atollic-eabi/6.3.1/armv6-m\libgcc.a(_clzdi2.o) (__clzsi2)

Allocating common symbols
Common symbol       size              file

uart_buffer_r_pos   0x2               Application\User\Core\c_drivers\hal_wrapper.o
uwTick              0x4               Drivers\STM32L0xx_HAL_Driver\stm32l0xx_hal.o
pFlash              0x18              Drivers\STM32L0xx_HAL_Driver\stm32l0xx_hal_flash.o
state               0x1               Application\User\Core\c_drivers\cmd_handler.o
uart_buffer         0x64              Application\User\Core\c_drivers\hal_wrapper.o
cmd_byte            0x1               Application\User\Core\c_drivers\cmd_handler.o
uart_buffer_size    0x2               Application\User\Core\c_drivers\hal_wrapper.o
uart_buffer_w_pos   0x2               Application\User\Core\c_drivers\hal_wrapper.o
huart2              0x84              Application\User\Core\main.o
uart_rec_buff       0x64              Application\User\Core\c_drivers\hal_wrapper.o
hadc                0x5c              Application\User\Core\main.o

Discarded input sections

 .text          0x00000000        0x0 c:/program files (x86)/atollic/truestudio for stm32 9.3.0/armtools/bin/../lib/gcc/arm-atollic-eabi/6.3.1/armv6-m/crti.o
 .data          0x00000000        0x0 c:/program files (x86)/atollic/truestudio for stm32 9.3.0/armtools/bin/../lib/gcc/arm-atollic-eabi/6.3.1/armv6-m/crti.o
 .bss           0x00000000        0x0 c:/program files (x86)/atollic/truestudio for stm32 9.3.0/armtools/bin/../lib/gcc/arm-atollic-eabi/6.3.1/armv6-m/crti.o
 .data          0x00000000        0x4 c:/program files (x86)/atollic/truestudio for stm32 9.3.0/armtools/bin/../lib/gcc/arm-atollic-eabi/6.3.1/armv6-m/crtbegin.o
 .text          0x00000000       0x14 Application\TrueSTUDIO\startup_stm32l051xx.o
 .data          0x00000000        0x0 Application\TrueSTUDIO\startup_stm32l051xx.o
[...]
Memory Configuration

Name             Origin             Length             Attributes
RAM              0x20000000         0x00002000         xrw
FLASH            0x08000000         0x00010000         xr
*default*        0x00000000         0xffffffff

Linker script and memory map

LOAD c:/program files (x86)/atollic/truestudio for stm32 9.3.0/armtools/bin/../lib/gcc/arm-atollic-eabi/6.3.1/armv6-m/crti.o
LOAD c:/program files (x86)/atollic/truestudio for stm32 9.3.0/armtools/bin/../lib/gcc/arm-atollic-eabi/6.3.1/armv6-m/crtbegin.o
LOAD Application\TrueSTUDIO\startup_stm32l051xx.o
LOAD Application\TrueSTUDIO\syscalls.o
LOAD Application\User\Core\c_drivers\cmd_handler.o
LOAD Application\User\Core\c_drivers\hal_wrapper.o
LOAD Application\User\Core\main.o
LOAD Application\User\Core\stm32l0xx_hal_msp.o
LOAD Application\User\Core\stm32l0xx_it.o
LOAD Drivers\CMSIS\system_stm32l0xx.o
LOAD Drivers\STM32L0xx_HAL_Driver\stm32l0xx_hal.o
LOAD Drivers\STM32L0xx_HAL_Driver\stm32l0xx_hal_adc.o
LOAD Drivers\STM32L0xx_HAL_Driver\stm32l0xx_hal_adc_ex.o
LOAD Drivers\STM32L0xx_HAL_Driver\stm32l0xx_hal_cortex.o
LOAD Drivers\STM32L0xx_HAL_Driver\stm32l0xx_hal_dma.o
LOAD Drivers\STM32L0xx_HAL_Driver\stm32l0xx_hal_exti.o
LOAD Drivers\STM32L0xx_HAL_Driver\stm32l0xx_hal_flash.o
LOAD Drivers\STM32L0xx_HAL_Driver\stm32l0xx_hal_flash_ex.o
LOAD Drivers\STM32L0xx_HAL_Driver\stm32l0xx_hal_flash_ramfunc.o
LOAD Drivers\STM32L0xx_HAL_Driver\stm32l0xx_hal_gpio.o
LOAD Drivers\STM32L0xx_HAL_Driver\stm32l0xx_hal_i2c.o
LOAD Drivers\STM32L0xx_HAL_Driver\stm32l0xx_hal_i2c_ex.o
LOAD Drivers\STM32L0xx_HAL_Driver\stm32l0xx_hal_pwr.o
LOAD Drivers\STM32L0xx_HAL_Driver\stm32l0xx_hal_pwr_ex.o
LOAD Drivers\STM32L0xx_HAL_Driver\stm32l0xx_hal_rcc.o
LOAD Drivers\STM32L0xx_HAL_Driver\stm32l0xx_hal_rcc_ex.o
LOAD Drivers\STM32L0xx_HAL_Driver\stm32l0xx_hal_tim.o
LOAD Drivers\STM32L0xx_HAL_Driver\stm32l0xx_hal_tim_ex.o
LOAD Drivers\STM32L0xx_HAL_Driver\stm32l0xx_hal_uart.o
LOAD Drivers\STM32L0xx_HAL_Driver\stm32l0xx_hal_uart_ex.o
                0x00000080                malloc_getpagesize_P = 0x80
START GROUP
LOAD c:/program files (x86)/atollic/truestudio for stm32 9.3.0/armtools/bin/../lib/gcc/arm-atollic-eabi/6.3.1/../../../../arm-atollic-eabi/lib/armv6-m\libc_nano.a
LOAD c:/program files (x86)/atollic/truestudio for stm32 9.3.0/armtools/bin/../lib/gcc/arm-atollic-eabi/6.3.1/../../../../arm-atollic-eabi/lib/armv6-m\libm.a
END GROUP
START GROUP
LOAD c:/program files (x86)/atollic/truestudio for stm32 9.3.0/armtools/bin/../lib/gcc/arm-atollic-eabi/6.3.1/armv6-m\libgcc.a
LOAD c:/program files (x86)/atollic/truestudio for stm32 9.3.0/armtools/bin/../lib/gcc/arm-atollic-eabi/6.3.1/../../../../arm-atollic-eabi/lib/armv6-m\libc_nano.a
END GROUP
START GROUP
LOAD c:/program files (x86)/atollic/truestudio for stm32 9.3.0/armtools/bin/../lib/gcc/arm-atollic-eabi/6.3.1/armv6-m\libgcc.a
LOAD c:/program files (x86)/atollic/truestudio for stm32 9.3.0/armtools/bin/../lib/gcc/arm-atollic-eabi/6.3.1/../../../../arm-atollic-eabi/lib/armv6-m\libc_nano.a
LOAD c:/program files (x86)/atollic/truestudio for stm32 9.3.0/armtools/bin/../lib/gcc/arm-atollic-eabi/6.3.1/../../../../arm-atollic-eabi/lib/armv6-m\libnosys.a
END GROUP
START GROUP
LOAD c:/program files (x86)/atollic/truestudio for stm32 9.3.0/armtools/bin/../lib/gcc/arm-atollic-eabi/6.3.1/armv6-m\libgcc.a
LOAD c:/program files (x86)/atollic/truestudio for stm32 9.3.0/armtools/bin/../lib/gcc/arm-atollic-eabi/6.3.1/../../../../arm-atollic-eabi/lib/armv6-m\libc_nano.a
LOAD c:/program files (x86)/atollic/truestudio for stm32 9.3.0/armtools/bin/../lib/gcc/arm-atollic-eabi/6.3.1/../../../../arm-atollic-eabi/lib/armv6-m\libnosys.a
END GROUP
LOAD c:/program files (x86)/atollic/truestudio for stm32 9.3.0/armtools/bin/../lib/gcc/arm-atollic-eabi/6.3.1/armv6-m/crtend.o
LOAD c:/program files (x86)/atollic/truestudio for stm32 9.3.0/armtools/bin/../lib/gcc/arm-atollic-eabi/6.3.1/armv6-m/crtn.o
                0x20002000                _estack = 0x20002000
                0x00000200                _Min_Heap_Size = 0x200
                0x00000400                _Min_Stack_Size = 0x400

.isr_vector     0x08000000       0xc0
                0x08000000                . = ALIGN (0x4)
 *(.isr_vector)
 .isr_vector    0x08000000       0xc0 Application\TrueSTUDIO\startup_stm32l051xx.o
                0x08000000                g_pfnVectors
                0x080000c0                . = ALIGN (0x4)

.text           0x080000c0     0x4044
                0x080000c0                . = ALIGN (0x4)
 *(.text)
 .text          0x080000c0       0x48 c:/program files (x86)/atollic/truestudio for stm32 9.3.0/armtools/bin/../lib/gcc/arm-atollic-eabi/6.3.1/armv6-m/crtbegin.o
 .text          0x08000108      0x114 c:/program files (x86)/atollic/truestudio for stm32 9.3.0/armtools/bin/../lib/gcc/arm-atollic-eabi/6.3.1/armv6-m\libgcc.a(_udivsi3.o)
                0x08000108                __aeabi_uidiv
                0x08000108                __udivsi3
                0x08000214                __aeabi_uidivmod
 .text          0x0800021c        0x4 c:/program files (x86)/atollic/truestudio for stm32 9.3.0/armtools/bin/../lib/gcc/arm-atollic-eabi/6.3.1/armv6-m\libgcc.a(_dvmd_tls.o)
                0x0800021c                __aeabi_idiv0
                0x0800021c                __aeabi_ldiv0
 .text          0x08000220       0x40 c:/program files (x86)/atollic/truestudio for stm32 9.3.0/armtools/bin/../lib/gcc/arm-atollic-eabi/6.3.1/armv6-m\libgcc.a(_aeabi_uldivmod.o)
                0x08000220                __aeabi_uldivmod
 .text          0x08000260       0x54 c:/program files (x86)/atollic/truestudio for stm32 9.3.0/armtools/bin/../lib/gcc/arm-atollic-eabi/6.3.1/armv6-m\libgcc.a(_muldi3.o)
                0x08000260                __muldi3
                0x08000260                __aeabi_lmul
 .text          0x080002b4      0x180 c:/program files (x86)/atollic/truestudio for stm32 9.3.0/armtools/bin/../lib/gcc/arm-atollic-eabi/6.3.1/armv6-m\libgcc.a(_udivmoddi4.o)
                0x080002b4                __udivmoddi4
 .text          0x08000434       0x18 c:/program files (x86)/atollic/truestudio for stm32 9.3.0/armtools/bin/../lib/gcc/arm-atollic-eabi/6.3.1/armv6-m\libgcc.a(_clzdi2.o)
                0x08000434                __clzdi2
 .text          0x0800044c       0x3c c:/program files (x86)/atollic/truestudio for stm32 9.3.0/armtools/bin/../lib/gcc/arm-atollic-eabi/6.3.1/armv6-m\libgcc.a(_clzsi2.o)
                0x0800044c                __clzsi2
 *(.text*)
 .text.Reset_Handler
                0x08000488       0x50 Application\TrueSTUDIO\startup_stm32l051xx.o
                0x08000488                Reset_Handler
 .text.Default_Handler
                0x080004d8        0x2 Application\TrueSTUDIO\startup_stm32l051xx.o
                0x080004d8                ADC1_COMP_IRQHandler
                0x080004d8                TIM6_IRQHandler
                0x080004d8                PVD_IRQHandler
                0x080004d8                I2C1_IRQHandler
                0x080004d8                SPI1_IRQHandler
                0x080004d8                EXTI2_3_IRQHandler
                0x080004d8                I2C2_IRQHandler
                0x080004d8                RTC_IRQHandler
                0x080004d8                DMA1_Channel4_5_6_7_IRQHandler
                0x080004d8                EXTI4_15_IRQHandler
                0x080004d8                RCC_IRQHandler
                0x080004d8                DMA1_Channel1_IRQHandler
                0x080004d8                Default_Handler
                0x080004d8                TIM22_IRQHandler
                0x080004d8                EXTI0_1_IRQHandler
                0x080004d8                SPI2_IRQHandler
                0x080004d8                TIM21_IRQHandler
                0x080004d8                WWDG_IRQHandler
                0x080004d8                LPUART1_IRQHandler
                0x080004d8                TIM2_IRQHandler
                0x080004d8                DMA1_Channel2_3_IRQHandler
                0x080004d8                FLASH_IRQHandler
                0x080004d8                USART1_IRQHandler
                0x080004d8                LPTIM1_IRQHandler
 *fill*         0x080004da        0x2 
 .text.handler_entry
                0x080004dc       0x24 Application\User\Core\c_drivers\cmd_handler.o
                0x080004dc                handler_entry
 .text.handle_command
                0x08000500       0x34 Application\User\Core\c_drivers\cmd_handler.o
                0x08000500                handle_command
 .text.state_wait_preamble
                0x08000534       0x34 Application\User\Core\c_drivers\cmd_handler.o
                0x08000534                state_wait_preamble
 .text.state_wait_cmd
                0x08000568       0xcc Application\User\Core\c_drivers\cmd_handler.o
                0x08000568                state_wait_cmd
 .text.state_wait_data
                0x08000634       0x94 Application\User\Core\c_drivers\cmd_handler.o
                0x08000634                state_wait_data
 .text.set_left_attenuation
                0x080006c8       0x9c Application\User\Core\c_drivers\hal_wrapper.o
                0x080006c8                set_left_attenuation
 .text.set_right_attenuation
                0x08000764       0xa4 Application\User\Core\c_drivers\hal_wrapper.o
                0x08000764                set_right_attenuation
 .text.set_diff_gain
                0x08000808       0xbe Application\User\Core\c_drivers\hal_wrapper.o
                0x08000808                set_diff_gain
 .text.set_amp_enable
                0x080008c6       0x5e Application\User\Core\c_drivers\hal_wrapper.o
                0x080008c6                set_amp_enable
 .text.read_adc
                0x08000924       0xa4 Application\User\Core\c_drivers\hal_wrapper.o
                0x08000924                read_adc
 .text.uart_init
                0x080009c8       0x3c Application\User\Core\c_drivers\hal_wrapper.o
                0x080009c8                uart_init
 .text.HAL_UART_RxCpltCallback
                0x08000a04       0x64 Application\User\Core\c_drivers\hal_wrapper.o
                0x08000a04                HAL_UART_RxCpltCallback
 .text.get_uart_byte
                0x08000a68       0x5c Application\User\Core\c_drivers\hal_wrapper.o
                0x08000a68                get_uart_byte
 .text.send_uart_byte
                0x08000ac4       0x28 Application\User\Core\c_drivers\hal_wrapper.o
                0x08000ac4                send_uart_byte
 .text.set_led  0x08000aec       0x58 Application\User\Core\c_drivers\hal_wrapper.o
                0x08000aec                set_led
 .text.main     0x08000b44       0x1e Application\User\Core\main.o
                0x08000b44                main
 *fill*         0x08000b62        0x2 
 .text.SystemClock_Config
                0x08000b64       0xec Application\User\Core\main.o
                0x08000b64                SystemClock_Config
 .text.MX_ADC_Init
                0x08000c50       0xe4 Application\User\Core\main.o
 .text.MX_USART2_UART_Init
                0x08000d34       0x60 Application\User\Core\main.o
 .text.MX_GPIO_Init
                0x08000d94      0x12c Application\User\Core\main.o
 .text.Error_Handler
                0x08000ec0        0x8 Application\User\Core\main.o
                0x08000ec0                Error_Handler
 .text.HAL_MspInit
                0x08000ec8       0x28 Application\User\Core\stm32l0xx_hal_msp.o
                0x08000ec8                HAL_MspInit
 .text.HAL_ADC_MspInit
                0x08000ef0       0x80 Application\User\Core\stm32l0xx_hal_msp.o
                0x08000ef0                HAL_ADC_MspInit
 .text.HAL_UART_MspInit
                0x08000f70       0xa0 Application\User\Core\stm32l0xx_hal_msp.o
                0x08000f70                HAL_UART_MspInit
 .text.NMI_Handler
                0x08001010        0x6 Application\User\Core\stm32l0xx_it.o
                0x08001010                NMI_Handler
 .text.HardFault_Handler
                0x08001016        0x6 Application\User\Core\stm32l0xx_it.o
                0x08001016                HardFault_Handler
 .text.SVC_Handler
                0x0800101c        0xa Application\User\Core\stm32l0xx_it.o
                0x0800101c                SVC_Handler
 .text.PendSV_Handler
                0x08001026        0xa Application\User\Core\stm32l0xx_it.o
                0x08001026                PendSV_Handler
 .text.SysTick_Handler
                0x08001030        0xe Application\User\Core\stm32l0xx_it.o
                0x08001030                SysTick_Handler
 *fill*         0x0800103e        0x2 
 .text.USART2_IRQHandler
                0x08001040       0x18 Application\User\Core\stm32l0xx_it.o
                0x08001040                USART2_IRQHandler
 .text.SystemInit
                0x08001058        0xa Drivers\CMSIS\system_stm32l0xx.o
                0x08001058                SystemInit
 *fill*         0x08001062        0x2 
 .text.HAL_Init
                0x08001064       0x40 Drivers\STM32L0xx_HAL_Driver\stm32l0xx_hal.o
                0x08001064                HAL_Init
 .text.HAL_InitTick
                0x080010a4       0x68 Drivers\STM32L0xx_HAL_Driver\stm32l0xx_hal.o
                0x080010a4                HAL_InitTick
 .text.HAL_IncTick
                0x0800110c       0x24 Drivers\STM32L0xx_HAL_Driver\stm32l0xx_hal.o
                0x0800110c                HAL_IncTick
 .text.HAL_GetTick
                0x08001130       0x14 Drivers\STM32L0xx_HAL_Driver\stm32l0xx_hal.o
                0x08001130                HAL_GetTick
 .text.HAL_Delay
                0x08001144       0x44 Drivers\STM32L0xx_HAL_Driver\stm32l0xx_hal.o
                0x08001144                HAL_Delay
 .text.HAL_ADC_Init
                0x08001188      0x2e8 Drivers\STM32L0xx_HAL_Driver\stm32l0xx_hal_adc.o
                0x08001188                HAL_ADC_Init
 .text.HAL_ADC_Start
                0x08001470       0xa8 Drivers\STM32L0xx_HAL_Driver\stm32l0xx_hal_adc.o
                0x08001470                HAL_ADC_Start
 .text.HAL_ADC_Stop
                0x08001518       0x84 Drivers\STM32L0xx_HAL_Driver\stm32l0xx_hal_adc.o
                0x08001518                HAL_ADC_Stop
 .text.HAL_ADC_PollForConversion
                0x0800159c      0x12c Drivers\STM32L0xx_HAL_Driver\stm32l0xx_hal_adc.o
                0x0800159c                HAL_ADC_PollForConversion
 .text.HAL_ADC_GetValue
                0x080016c8       0x16 Drivers\STM32L0xx_HAL_Driver\stm32l0xx_hal_adc.o
                0x080016c8                HAL_ADC_GetValue
 *fill*         0x080016de        0x2 
 .text.HAL_ADC_ConfigChannel
                0x080016e0      0x10c Drivers\STM32L0xx_HAL_Driver\stm32l0xx_hal_adc.o
                0x080016e0                HAL_ADC_ConfigChannel
 .text.ADC_Enable
                0x080017ec       0xc0 Drivers\STM32L0xx_HAL_Driver\stm32l0xx_hal_adc.o
 .text.ADC_Disable
                0x080018ac       0xc0 Drivers\STM32L0xx_HAL_Driver\stm32l0xx_hal_adc.o
 .text.ADC_ConversionStop
                0x0800196c       0x8c Drivers\STM32L0xx_HAL_Driver\stm32l0xx_hal_adc.o
 .text.ADC_DelayMicroSecond
                0x080019f8       0x3c Drivers\STM32L0xx_HAL_Driver\stm32l0xx_hal_adc.o
 .text.__NVIC_EnableIRQ
                0x08001a34       0x34 Drivers\STM32L0xx_HAL_Driver\stm32l0xx_hal_cortex.o
 .text.__NVIC_SetPriority
                0x08001a68       0xdc Drivers\STM32L0xx_HAL_Driver\stm32l0xx_hal_cortex.o
 .text.SysTick_Config
                0x08001b44       0x48 Drivers\STM32L0xx_HAL_Driver\stm32l0xx_hal_cortex.o
 .text.HAL_NVIC_SetPriority
                0x08001b8c       0x2c Drivers\STM32L0xx_HAL_Driver\stm32l0xx_hal_cortex.o
                0x08001b8c                HAL_NVIC_SetPriority
 .text.HAL_NVIC_EnableIRQ
                0x08001bb8       0x20 Drivers\STM32L0xx_HAL_Driver\stm32l0xx_hal_cortex.o
                0x08001bb8                HAL_NVIC_EnableIRQ
 .text.HAL_SYSTICK_Config
                0x08001bd8       0x1a Drivers\STM32L0xx_HAL_Driver\stm32l0xx_hal_cortex.o
                0x08001bd8                HAL_SYSTICK_Config
 .text.HAL_DMA_Abort
                0x08001bf2       0x80 Drivers\STM32L0xx_HAL_Driver\stm32l0xx_hal_dma.o
                0x08001bf2                HAL_DMA_Abort
 .text.HAL_DMA_Abort_IT
                0x08001c72       0x90 Drivers\STM32L0xx_HAL_Driver\stm32l0xx_hal_dma.o
                0x08001c72                HAL_DMA_Abort_IT
 *fill*         0x08001d02        0x2 
 .text.HAL_GPIO_Init
                0x08001d04      0x2ec Drivers\STM32L0xx_HAL_Driver\stm32l0xx_hal_gpio.o
                0x08001d04                HAL_GPIO_Init
 .text.HAL_GPIO_WritePin
                0x08001ff0       0x3a Drivers\STM32L0xx_HAL_Driver\stm32l0xx_hal_gpio.o
                0x08001ff0                HAL_GPIO_WritePin
 *fill*         0x0800202a        0x2 
 .text.HAL_RCC_OscConfig
                0x0800202c      0x6d4 Drivers\STM32L0xx_HAL_Driver\stm32l0xx_hal_rcc.o
                0x0800202c                HAL_RCC_OscConfig
 .text.HAL_RCC_ClockConfig
                0x08002700      0x290 Drivers\STM32L0xx_HAL_Driver\stm32l0xx_hal_rcc.o
                0x08002700                HAL_RCC_ClockConfig
 .text.HAL_RCC_GetSysClockFreq
                0x08002990      0x144 Drivers\STM32L0xx_HAL_Driver\stm32l0xx_hal_rcc.o
                0x08002990                HAL_RCC_GetSysClockFreq
 .text.HAL_RCC_GetHCLKFreq
                0x08002ad4       0x14 Drivers\STM32L0xx_HAL_Driver\stm32l0xx_hal_rcc.o
                0x08002ad4                HAL_RCC_GetHCLKFreq
 .text.HAL_RCC_GetPCLK1Freq
                0x08002ae8       0x2c Drivers\STM32L0xx_HAL_Driver\stm32l0xx_hal_rcc.o
                0x08002ae8                HAL_RCC_GetPCLK1Freq
 .text.HAL_RCC_GetPCLK2Freq
                0x08002b14       0x2c Drivers\STM32L0xx_HAL_Driver\stm32l0xx_hal_rcc.o
                0x08002b14                HAL_RCC_GetPCLK2Freq
 .text.HAL_RCCEx_PeriphCLKConfig
                0x08002b40      0x264 Drivers\STM32L0xx_HAL_Driver\stm32l0xx_hal_rcc_ex.o
                0x08002b40                HAL_RCCEx_PeriphCLKConfig
 .text.HAL_UART_Init
                0x08002da4       0xa8 Drivers\STM32L0xx_HAL_Driver\stm32l0xx_hal_uart.o
                0x08002da4                HAL_UART_Init
 .text.HAL_UART_Transmit
                0x08002e4c      0x14e Drivers\STM32L0xx_HAL_Driver\stm32l0xx_hal_uart.o
                0x08002e4c                HAL_UART_Transmit
 *fill*         0x08002f9a        0x2 
 .text.HAL_UART_Receive_IT
                0x08002f9c       0xb0 Drivers\STM32L0xx_HAL_Driver\stm32l0xx_hal_uart.o
                0x08002f9c                HAL_UART_Receive_IT
 .text.HAL_UART_IRQHandler
                0x0800304c      0x418 Drivers\STM32L0xx_HAL_Driver\stm32l0xx_hal_uart.o
                0x0800304c                HAL_UART_IRQHandler
 .text.HAL_UART_TxCpltCallback
                0x08003464       0x10 Drivers\STM32L0xx_HAL_Driver\stm32l0xx_hal_uart.o
                0x08003464                HAL_UART_TxCpltCallback
 .text.HAL_UART_ErrorCallback
                0x08003474       0x10 Drivers\STM32L0xx_HAL_Driver\stm32l0xx_hal_uart.o
                0x08003474                HAL_UART_ErrorCallback
 .text.HAL_UARTEx_RxEventCallback
                0x08003484       0x16 Drivers\STM32L0xx_HAL_Driver\stm32l0xx_hal_uart.o
                0x08003484                HAL_UARTEx_RxEventCallback
 *fill*         0x0800349a        0x2 
 .text.UART_SetConfig
                0x0800349c      0x548 Drivers\STM32L0xx_HAL_Driver\stm32l0xx_hal_uart.o
                0x0800349c                UART_SetConfig
 .text.UART_AdvFeatureConfig
                0x080039e4      0x158 Drivers\STM32L0xx_HAL_Driver\stm32l0xx_hal_uart.o
                0x080039e4                UART_AdvFeatureConfig
 .text.UART_CheckIdleState
                0x08003b3c       0x94 Drivers\STM32L0xx_HAL_Driver\stm32l0xx_hal_uart.o
                0x08003b3c                UART_CheckIdleState
 .text.UART_WaitOnFlagUntilTimeout
                0x08003bd0       0xfc Drivers\STM32L0xx_HAL_Driver\stm32l0xx_hal_uart.o
                0x08003bd0                UART_WaitOnFlagUntilTimeout
 .text.UART_Start_Receive_IT
                0x08003ccc      0x11c Drivers\STM32L0xx_HAL_Driver\stm32l0xx_hal_uart.o
                0x08003ccc                UART_Start_Receive_IT
 .text.UART_EndRxTransfer
                0x08003de8       0x60 Drivers\STM32L0xx_HAL_Driver\stm32l0xx_hal_uart.o
 .text.UART_DMAAbortOnError
                0x08003e48       0x2e Drivers\STM32L0xx_HAL_Driver\stm32l0xx_hal_uart.o
 .text.UART_EndTransmit_IT
                0x08003e76       0x34 Drivers\STM32L0xx_HAL_Driver\stm32l0xx_hal_uart.o
 *fill*         0x08003eaa        0x2 
 .text.UART_RxISR_8BIT
                0x08003eac       0xec Drivers\STM32L0xx_HAL_Driver\stm32l0xx_hal_uart.o
 .text.UART_RxISR_16BIT
                0x08003f98       0xec Drivers\STM32L0xx_HAL_Driver\stm32l0xx_hal_uart.o
 .text.HAL_UARTEx_WakeupCallback
                0x08004084       0x10 Drivers\STM32L0xx_HAL_Driver\stm32l0xx_hal_uart_ex.o
                0x08004084                HAL_UARTEx_WakeupCallback
 .text.__libc_init_array
                0x08004094       0x48 c:/program files (x86)/atollic/truestudio for stm32 9.3.0/armtools/bin/../lib/gcc/arm-atollic-eabi/6.3.1/../../../../arm-atollic-eabi/lib/armv6-m\libc_nano.a(lib_a-init.o)
                0x08004094                __libc_init_array
 .text.memset   0x080040dc       0x10 c:/program files (x86)/atollic/truestudio for stm32 9.3.0/armtools/bin/../lib/gcc/arm-atollic-eabi/6.3.1/../../../../arm-atollic-eabi/lib/armv6-m\libc_nano.a(lib_a-memset.o)
                0x080040dc                memset
 *(.glue_7)
 .glue_7        0x080040ec        0x0 linker stubs
 *(.glue_7t)
 .glue_7t       0x080040ec        0x0 linker stubs
 *(.eh_frame)
 .eh_frame      0x080040ec        0x0 c:/program files (x86)/atollic/truestudio for stm32 9.3.0/armtools/bin/../lib/gcc/arm-atollic-eabi/6.3.1/armv6-m/crtbegin.o
 *(.init)
 .init          0x080040ec        0x4 c:/program files (x86)/atollic/truestudio for stm32 9.3.0/armtools/bin/../lib/gcc/arm-atollic-eabi/6.3.1/armv6-m/crti.o
                0x080040ec                _init
 .init          0x080040f0        0x8 c:/program files (x86)/atollic/truestudio for stm32 9.3.0/armtools/bin/../lib/gcc/arm-atollic-eabi/6.3.1/armv6-m/crtn.o
 *(.fini)
 .fini          0x080040f8        0x4 c:/program files (x86)/atollic/truestudio for stm32 9.3.0/armtools/bin/../lib/gcc/arm-atollic-eabi/6.3.1/armv6-m/crti.o
                0x080040f8                _fini
 .fini          0x080040fc        0x8 c:/program files (x86)/atollic/truestudio for stm32 9.3.0/armtools/bin/../lib/gcc/arm-atollic-eabi/6.3.1/armv6-m/crtn.o
                0x08004104                . = ALIGN (0x4)
                0x08004104                _etext = .

.vfp11_veneer   0x08004104        0x0
 .vfp11_veneer  0x08004104        0x0 linker stubs

.v4_bx          0x08004104        0x0
 .v4_bx         0x08004104        0x0 linker stubs

.iplt           0x08004104        0x0
 .iplt          0x08004104        0x0 c:/program files (x86)/atollic/truestudio for stm32 9.3.0/armtools/bin/../lib/gcc/arm-atollic-eabi/6.3.1/armv6-m/crtbegin.o

.rodata         0x08004104       0x90
                0x08004104                . = ALIGN (0x4)
 *(.rodata)
 *(.rodata*)
 .rodata.state_wait_data
                0x08004104       0x24 Application\User\Core\c_drivers\cmd_handler.o
 .rodata.AHBPrescTable
                0x08004128       0x10 Drivers\CMSIS\system_stm32l0xx.o
                0x08004128                AHBPrescTable
 .rodata.APBPrescTable
                0x08004138        0x8 Drivers\CMSIS\system_stm32l0xx.o
                0x08004138                APBPrescTable
 .rodata.PLLMulTable
                0x08004140        0x9 Drivers\CMSIS\system_stm32l0xx.o
                0x08004140                PLLMulTable
 *fill*         0x08004149        0x3 
 .rodata.UART_SetConfig
                0x0800414c       0x48 Drivers\STM32L0xx_HAL_Driver\stm32l0xx_hal_uart.o
                0x08004194                . = ALIGN (0x4)

.ARM.extab
 *(.ARM.extab* .gnu.linkonce.armextab.*)

.ARM            0x08004194        0x8
                0x08004194                __exidx_start = .
 *(.ARM.exidx*)
 .ARM.exidx     0x08004194        0x8 c:/program files (x86)/atollic/truestudio for stm32 9.3.0/armtools/bin/../lib/gcc/arm-atollic-eabi/6.3.1/armv6-m\libgcc.a(_udivmoddi4.o)
                0x0800419c                __exidx_end = .

.rel.dyn        0x0800419c        0x0
 .rel.iplt      0x0800419c        0x0 c:/program files (x86)/atollic/truestudio for stm32 9.3.0/armtools/bin/../lib/gcc/arm-atollic-eabi/6.3.1/armv6-m/crtbegin.o

.preinit_array  0x0800419c        0x0
                0x0800419c                PROVIDE (__preinit_array_start, .)
 *(.preinit_array*)
                0x0800419c                PROVIDE (__preinit_array_end, .)

.init_array     0x0800419c        0x4
                0x0800419c                PROVIDE (__init_array_start, .)
 *(SORT(.init_array.*))
 *(.init_array*)
 .init_array    0x0800419c        0x4 c:/program files (x86)/atollic/truestudio for stm32 9.3.0/armtools/bin/../lib/gcc/arm-atollic-eabi/6.3.1/armv6-m/crtbegin.o
                0x080041a0                PROVIDE (__init_array_end, .)

.fini_array     0x080041a0        0x4
                [!provide]                PROVIDE (__fini_array_start, .)
 *(SORT(.fini_array.*))
 *(.fini_array*)
 .fini_array    0x080041a0        0x4 c:/program files (x86)/atollic/truestudio for stm32 9.3.0/armtools/bin/../lib/gcc/arm-atollic-eabi/6.3.1/armv6-m/crtbegin.o
                [!provide]                PROVIDE (__fini_array_end, .)
                0x080041a4                _sidata = LOADADDR (.data)

.data           0x20000000        0xc load address 0x080041a4
                0x20000000                . = ALIGN (0x4)
                0x20000000                _sdata = .
 *(.data)
 *(.data*)
 .data.SystemCoreClock
                0x20000000        0x4 Drivers\CMSIS\system_stm32l0xx.o
                0x20000000                SystemCoreClock
 .data.uwTickPrio
                0x20000004        0x4 Drivers\STM32L0xx_HAL_Driver\stm32l0xx_hal.o
                0x20000004                uwTickPrio
 .data.uwTickFreq
                0x20000008        0x1 Drivers\STM32L0xx_HAL_Driver\stm32l0xx_hal.o
                0x20000008                uwTickFreq
                0x2000000c                . = ALIGN (0x4)
 *fill*         0x20000009        0x3 
                0x2000000c                _edata = .

.igot.plt       0x2000000c        0x0 load address 0x080041b0
 .igot.plt      0x2000000c        0x0 c:/program files (x86)/atollic/truestudio for stm32 9.3.0/armtools/bin/../lib/gcc/arm-atollic-eabi/6.3.1/armv6-m/crtbegin.o
                0x2000000c                . = ALIGN (0x4)

.bss            0x2000000c      0x1d4 load address 0x080041b0
                0x2000000c                _sbss = .
                0x2000000c                __bss_start__ = _sbss
 *(.bss)
 .bss           0x2000000c       0x1c c:/program files (x86)/atollic/truestudio for stm32 9.3.0/armtools/bin/../lib/gcc/arm-atollic-eabi/6.3.1/armv6-m/crtbegin.o
 *(.bss*)
 *(COMMON)
 COMMON         0x20000028        0x2 Application\User\Core\c_drivers\cmd_handler.o
                0x20000028                state
                0x20000029                cmd_byte
 *fill*         0x2000002a        0x2 
 COMMON         0x2000002c       0xd0 Application\User\Core\c_drivers\hal_wrapper.o
                0x2000002c                uart_buffer_r_pos
                0x20000030                uart_buffer
                0x20000094                uart_buffer_size
                0x20000096                uart_buffer_w_pos
                0x20000098                uart_rec_buff
 COMMON         0x200000fc       0xe0 Application\User\Core\main.o
                0x200000fc                huart2
                0x20000180                hadc
 COMMON         0x200001dc        0x4 Drivers\STM32L0xx_HAL_Driver\stm32l0xx_hal.o
                0x200001dc                uwTick
                0x200001e0                . = ALIGN (0x4)
                0x200001e0                _ebss = .
                0x200001e0                __bss_end__ = _ebss

._user_heap_stack
                0x200001e0      0x600 load address 0x080041b0
                0x200001e0                . = ALIGN (0x4)
                0x200001e0                PROVIDE (end, .)
                [!provide]                PROVIDE (_end, .)
                0x200003e0                . = (. + _Min_Heap_Size)
 *fill*         0x200001e0      0x200 
                0x200007e0                . = (. + _Min_Stack_Size)
 *fill*         0x200003e0      0x400 
                0x200007e0                . = ALIGN (0x4)

/DISCARD/
 libc.a(*)
 libm.a(*)
 libgcc.a(*)

.ARM.attributes
                0x00000000       0x28
 *(.ARM.attributes)
 .ARM.attributes
                0x00000000       0x1e c:/program files (x86)/atollic/truestudio for stm32 9.3.0/armtools/bin/../lib/gcc/arm-atollic-eabi/6.3.1/armv6-m/crti.o
 .ARM.attributes
                0x0000001e       0x2c c:/program files (x86)/atollic/truestudio for stm32 9.3.0/armtools/bin/../lib/gcc/arm-atollic-eabi/6.3.1/armv6-m/crtbegin.o
 .ARM.attributes
                0x0000004a       0x22 Application\TrueSTUDIO\startup_stm32l051xx.o
 .ARM.attributes
                0x0000006c       0x32 Application\User\Core\c_drivers\cmd_handler.o
 .ARM.attributes
                0x0000009e       0x32 Application\User\Core\c_drivers\hal_wrapper.o
 .ARM.attributes
                0x000000d0       0x32 Application\User\Core\main.o
 .ARM.attributes
                0x00000102       0x32 Application\User\Core\stm32l0xx_hal_msp.o
 .ARM.attributes
                0x00000134       0x32 Application\User\Core\stm32l0xx_it.o
 .ARM.attributes
                0x00000166       0x32 Drivers\CMSIS\system_stm32l0xx.o
 .ARM.attributes
                0x00000198       0x32 Drivers\STM32L0xx_HAL_Driver\stm32l0xx_hal.o
 .ARM.attributes
                0x000001ca       0x32 Drivers\STM32L0xx_HAL_Driver\stm32l0xx_hal_adc.o
 .ARM.attributes
                0x000001fc       0x32 Drivers\STM32L0xx_HAL_Driver\stm32l0xx_hal_cortex.o
 .ARM.attributes
                0x0000022e       0x32 Drivers\STM32L0xx_HAL_Driver\stm32l0xx_hal_dma.o
 .ARM.attributes
                0x00000260       0x32 Drivers\STM32L0xx_HAL_Driver\stm32l0xx_hal_gpio.o
 .ARM.attributes
                0x00000292       0x32 Drivers\STM32L0xx_HAL_Driver\stm32l0xx_hal_rcc.o
 .ARM.attributes
                0x000002c4       0x32 Drivers\STM32L0xx_HAL_Driver\stm32l0xx_hal_rcc_ex.o
 .ARM.attributes
                0x000002f6       0x32 Drivers\STM32L0xx_HAL_Driver\stm32l0xx_hal_uart.o
 .ARM.attributes
                0x00000328       0x32 Drivers\STM32L0xx_HAL_Driver\stm32l0xx_hal_uart_ex.o
 .ARM.attributes
                0x0000035a       0x2c c:/program files (x86)/atollic/truestudio for stm32 9.3.0/armtools/bin/../lib/gcc/arm-atollic-eabi/6.3.1/../../../../arm-atollic-eabi/lib/armv6-m\libc_nano.a(lib_a-init.o)
 .ARM.attributes
                0x00000386       0x2c c:/program files (x86)/atollic/truestudio for stm32 9.3.0/armtools/bin/../lib/gcc/arm-atollic-eabi/6.3.1/../../../../arm-atollic-eabi/lib/armv6-m\libc_nano.a(lib_a-memset.o)
 .ARM.attributes
                0x000003b2       0x1e c:/program files (x86)/atollic/truestudio for stm32 9.3.0/armtools/bin/../lib/gcc/arm-atollic-eabi/6.3.1/armv6-m\libgcc.a(_udivsi3.o)
 .ARM.attributes
                0x000003d0       0x1e c:/program files (x86)/atollic/truestudio for stm32 9.3.0/armtools/bin/../lib/gcc/arm-atollic-eabi/6.3.1/armv6-m\libgcc.a(_dvmd_tls.o)
 .ARM.attributes
                0x000003ee       0x1e c:/program files (x86)/atollic/truestudio for stm32 9.3.0/armtools/bin/../lib/gcc/arm-atollic-eabi/6.3.1/armv6-m\libgcc.a(_aeabi_uldivmod.o)
 .ARM.attributes
                0x0000040c       0x2c c:/program files (x86)/atollic/truestudio for stm32 9.3.0/armtools/bin/../lib/gcc/arm-atollic-eabi/6.3.1/armv6-m\libgcc.a(_muldi3.o)
 .ARM.attributes
                0x00000438       0x2c c:/program files (x86)/atollic/truestudio for stm32 9.3.0/armtools/bin/../lib/gcc/arm-atollic-eabi/6.3.1/armv6-m\libgcc.a(_udivmoddi4.o)
 .ARM.attributes
                0x00000464       0x1e c:/program files (x86)/atollic/truestudio for stm32 9.3.0/armtools/bin/../lib/gcc/arm-atollic-eabi/6.3.1/armv6-m\libgcc.a(_clzdi2.o)
 .ARM.attributes
                0x00000482       0x1e c:/program files (x86)/atollic/truestudio for stm32 9.3.0/armtools/bin/../lib/gcc/arm-atollic-eabi/6.3.1/armv6-m\libgcc.a(_clzsi2.o)
 .ARM.attributes
                0x000004a0       0x1e c:/program files (x86)/atollic/truestudio for stm32 9.3.0/armtools/bin/../lib/gcc/arm-atollic-eabi/6.3.1/armv6-m/crtn.o
OUTPUT(stmcube_prj.elf elf32-littlearm)

.debug_line     0x00000000     0x446b
 .debug_line    0x00000000       0x7d Application\TrueSTUDIO\startup_stm32l051xx.o
 .debug_line    0x0000007d      0x24d Application\User\Core\c_drivers\cmd_handler.o
 .debug_line    0x000002ca      0x37a Application\User\Core\c_drivers\hal_wrapper.o
 .debug_line    0x00000644      0x36d Application\User\Core\main.o
 .debug_line    0x000009b1      0x2b8 Application\User\Core\stm32l0xx_hal_msp.o
 .debug_line    0x00000c69      0x273 Application\User\Core\stm32l0xx_it.o
 .debug_line    0x00000edc      0x203 Drivers\CMSIS\system_stm32l0xx.o
 .debug_line    0x000010df      0x472 Drivers\STM32L0xx_HAL_Driver\stm32l0xx_hal.o
 .debug_line    0x00001551      0x719 Drivers\STM32L0xx_HAL_Driver\stm32l0xx_hal_adc.o
 .debug_line    0x00001c6a      0x47b Drivers\STM32L0xx_HAL_Driver\stm32l0xx_hal_cortex.o
 .debug_line    0x000020e5      0x416 Drivers\STM32L0xx_HAL_Driver\stm32l0xx_hal_dma.o
 .debug_line    0x000024fb      0x3aa Drivers\STM32L0xx_HAL_Driver\stm32l0xx_hal_gpio.o
 .debug_line    0x000028a5      0x4ee Drivers\STM32L0xx_HAL_Driver\stm32l0xx_hal_rcc.o
 .debug_line    0x00002d93      0x3da Drivers\STM32L0xx_HAL_Driver\stm32l0xx_hal_rcc_ex.o
 .debug_line    0x0000316d      0xe0a Drivers\STM32L0xx_HAL_Driver\stm32l0xx_hal_uart.o
 .debug_line    0x00003f77      0x4f4 Drivers\STM32L0xx_HAL_Driver\stm32l0xx_hal_uart_ex.o

.debug_info     0x00000000     0x91f1
 .debug_info    0x00000000       0x84 Application\TrueSTUDIO\startup_stm32l051xx.o
 .debug_info    0x00000084      0x251 Application\User\Core\c_drivers\cmd_handler.o
 .debug_info    0x000002d5      0xc56 Application\User\Core\c_drivers\hal_wrapper.o
 .debug_info    0x00000f2b      0xeb4 Application\User\Core\main.o
 .debug_info    0x00001ddf      0xce5 Application\User\Core\stm32l0xx_hal_msp.o
 .debug_info    0x00002ac4      0x6f0 Application\User\Core\stm32l0xx_it.o
 .debug_info    0x000031b4      0x336 Drivers\CMSIS\system_stm32l0xx.o
 .debug_info    0x000034ea      0x857 Drivers\STM32L0xx_HAL_Driver\stm32l0xx_hal.o
 .debug_info    0x00003d41      0xd32 Drivers\STM32L0xx_HAL_Driver\stm32l0xx_hal_adc.o
 .debug_info    0x00004a73      0x90c Drivers\STM32L0xx_HAL_Driver\stm32l0xx_hal_cortex.o
 .debug_info    0x0000537f      0x7c2 Drivers\STM32L0xx_HAL_Driver\stm32l0xx_hal_dma.o
 .debug_info    0x00005b41      0x71a Drivers\STM32L0xx_HAL_Driver\stm32l0xx_hal_gpio.o
 .debug_info    0x0000625b      0x926 Drivers\STM32L0xx_HAL_Driver\stm32l0xx_hal_rcc.o
 .debug_info    0x00006b81      0x524 Drivers\STM32L0xx_HAL_Driver\stm32l0xx_hal_rcc_ex.o
 .debug_info    0x000070a5     0x1703 Drivers\STM32L0xx_HAL_Driver\stm32l0xx_hal_uart.o
 .debug_info    0x000087a8      0xa49 Drivers\STM32L0xx_HAL_Driver\stm32l0xx_hal_uart_ex.o

.debug_abbrev   0x00000000     0x1b3c
 .debug_abbrev  0x00000000       0x12 Application\TrueSTUDIO\startup_stm32l051xx.o
 .debug_abbrev  0x00000012       0xee Application\User\Core\c_drivers\cmd_handler.o
 .debug_abbrev  0x00000100      0x208 Application\User\Core\c_drivers\hal_wrapper.o
 .debug_abbrev  0x00000308      0x227 Application\User\Core\main.o
 .debug_abbrev  0x0000052f      0x194 Application\User\Core\stm32l0xx_hal_msp.o
 .debug_abbrev  0x000006c3      0x153 Application\User\Core\stm32l0xx_it.o
 .debug_abbrev  0x00000816      0x126 Drivers\CMSIS\system_stm32l0xx.o
 .debug_abbrev  0x0000093c      0x230 Drivers\STM32L0xx_HAL_Driver\stm32l0xx_hal.o
 .debug_abbrev  0x00000b6c      0x1f5 Drivers\STM32L0xx_HAL_Driver\stm32l0xx_hal_adc.o
 .debug_abbrev  0x00000d61      0x277 Drivers\STM32L0xx_HAL_Driver\stm32l0xx_hal_cortex.o
 .debug_abbrev  0x00000fd8      0x1c7 Drivers\STM32L0xx_HAL_Driver\stm32l0xx_hal_dma.o
 .debug_abbrev  0x0000119f      0x1bb Drivers\STM32L0xx_HAL_Driver\stm32l0xx_hal_gpio.o
 .debug_abbrev  0x0000135a      0x215 Drivers\STM32L0xx_HAL_Driver\stm32l0xx_hal_rcc.o
 .debug_abbrev  0x0000156f      0x1c2 Drivers\STM32L0xx_HAL_Driver\stm32l0xx_hal_rcc_ex.o
 .debug_abbrev  0x00001731      0x21f Drivers\STM32L0xx_HAL_Driver\stm32l0xx_hal_uart.o
 .debug_abbrev  0x00001950      0x1ec Drivers\STM32L0xx_HAL_Driver\stm32l0xx_hal_uart_ex.o

.debug_aranges  0x00000000      0x900
 .debug_aranges
                0x00000000       0x28 Application\TrueSTUDIO\startup_stm32l051xx.o
 .debug_aranges
                0x00000028       0x40 Application\User\Core\c_drivers\cmd_handler.o
 .debug_aranges
                0x00000068       0x68 Application\User\Core\c_drivers\hal_wrapper.o
 .debug_aranges
                0x000000d0       0x48 Application\User\Core\main.o
 .debug_aranges
                0x00000118       0x40 Application\User\Core\stm32l0xx_hal_msp.o
 .debug_aranges
                0x00000158       0x48 Application\User\Core\stm32l0xx_it.o
 .debug_aranges
                0x000001a0       0x28 Drivers\CMSIS\system_stm32l0xx.o
 .debug_aranges
                0x000001c8      0x110 Drivers\STM32L0xx_HAL_Driver\stm32l0xx_hal.o
 .debug_aranges
                0x000002d8      0x100 Drivers\STM32L0xx_HAL_Driver\stm32l0xx_hal_adc.o
 .debug_aranges
                0x000003d8       0xd8 Drivers\STM32L0xx_HAL_Driver\stm32l0xx_hal_cortex.o
 .debug_aranges
                0x000004b0       0x80 Drivers\STM32L0xx_HAL_Driver\stm32l0xx_hal_dma.o
 .debug_aranges
                0x00000530       0x58 Drivers\STM32L0xx_HAL_Driver\stm32l0xx_hal_gpio.o
 .debug_aranges
                0x00000588       0x80 Drivers\STM32L0xx_HAL_Driver\stm32l0xx_hal_rcc.o
 .debug_aranges
                0x00000608       0x58 Drivers\STM32L0xx_HAL_Driver\stm32l0xx_hal_rcc_ex.o
 .debug_aranges
                0x00000660      0x228 Drivers\STM32L0xx_HAL_Driver\stm32l0xx_hal_uart.o
 .debug_aranges
                0x00000888       0x78 Drivers\STM32L0xx_HAL_Driver\stm32l0xx_hal_uart_ex.o

.debug_ranges   0x00000000      0x838
 .debug_ranges  0x00000000       0x20 Application\TrueSTUDIO\startup_stm32l051xx.o
 .debug_ranges  0x00000020       0x30 Application\User\Core\c_drivers\cmd_handler.o
 .debug_ranges  0x00000050       0x58 Application\User\Core\c_drivers\hal_wrapper.o
 .debug_ranges  0x000000a8       0x38 Application\User\Core\main.o
 .debug_ranges  0x000000e0       0x30 Application\User\Core\stm32l0xx_hal_msp.o
 .debug_ranges  0x00000110       0x38 Application\User\Core\stm32l0xx_it.o
 .debug_ranges  0x00000148       0x18 Drivers\CMSIS\system_stm32l0xx.o
 .debug_ranges  0x00000160      0x100 Drivers\STM32L0xx_HAL_Driver\stm32l0xx_hal.o
 .debug_ranges  0x00000260       0xf0 Drivers\STM32L0xx_HAL_Driver\stm32l0xx_hal_adc.o
 .debug_ranges  0x00000350       0xc8 Drivers\STM32L0xx_HAL_Driver\stm32l0xx_hal_cortex.o
 .debug_ranges  0x00000418       0x70 Drivers\STM32L0xx_HAL_Driver\stm32l0xx_hal_dma.o
 .debug_ranges  0x00000488       0x48 Drivers\STM32L0xx_HAL_Driver\stm32l0xx_hal_gpio.o
 .debug_ranges  0x000004d0       0x70 Drivers\STM32L0xx_HAL_Driver\stm32l0xx_hal_rcc.o
 .debug_ranges  0x00000540       0x48 Drivers\STM32L0xx_HAL_Driver\stm32l0xx_hal_rcc_ex.o
 .debug_ranges  0x00000588      0x248 Drivers\STM32L0xx_HAL_Driver\stm32l0xx_hal_uart.o
 .debug_ranges  0x000007d0       0x68 Drivers\STM32L0xx_HAL_Driver\stm32l0xx_hal_uart_ex.o

.debug_str      0x00000000     0x2a69
 .debug_str     0x00000000      0x2b1 Application\User\Core\c_drivers\cmd_handler.o
                                0x305 (size before relaxing)
 .debug_str     0x000002b1      0x745 Application\User\Core\c_drivers\hal_wrapper.o
                                0xa1e (size before relaxing)
 .debug_str     0x000009f6      0x343 Application\User\Core\main.o
                                0xc4b (size before relaxing)
 .debug_str     0x00000d39      0x1e8 Application\User\Core\stm32l0xx_hal_msp.o
                                0xb56 (size before relaxing)
 .debug_str     0x00000f21       0x7c Application\User\Core\stm32l0xx_it.o
                                0x6d7 (size before relaxing)
 .debug_str     0x00000f9d       0x67 Drivers\CMSIS\system_stm32l0xx.o
                                0x35f (size before relaxing)
 .debug_str     0x00001004      0x39e Drivers\STM32L0xx_HAL_Driver\stm32l0xx_hal.o
                                0x856 (size before relaxing)
 .debug_str     0x000013a2      0x314 Drivers\STM32L0xx_HAL_Driver\stm32l0xx_hal_adc.o
                                0xa15 (size before relaxing)
 .debug_str     0x000016b6      0x385 Drivers\STM32L0xx_HAL_Driver\stm32l0xx_hal_cortex.o
                                0x7c9 (size before relaxing)
 .debug_str     0x00001a3b      0x26d Drivers\STM32L0xx_HAL_Driver\stm32l0xx_hal_dma.o
                                0x711 (size before relaxing)
 .debug_str     0x00001ca8      0x12b Drivers\STM32L0xx_HAL_Driver\stm32l0xx_hal_gpio.o
                                0x537 (size before relaxing)
 .debug_str     0x00001dd3      0x1ee Drivers\STM32L0xx_HAL_Driver\stm32l0xx_hal_rcc.o
                                0x725 (size before relaxing)
 .debug_str     0x00001fc1      0x140 Drivers\STM32L0xx_HAL_Driver\stm32l0xx_hal_rcc_ex.o
                                0x577 (size before relaxing)
 .debug_str     0x00002101      0x762 Drivers\STM32L0xx_HAL_Driver\stm32l0xx_hal_uart.o
                                0xf25 (size before relaxing)
 .debug_str     0x00002863      0x206 Drivers\STM32L0xx_HAL_Driver\stm32l0xx_hal_uart_ex.o
                                0x8ed (size before relaxing)

.comment        0x00000000       0x7c
 .comment       0x00000000       0x7c Application\User\Core\c_drivers\cmd_handler.o
                                 0x7d (size before relaxing)
 .comment       0x0000007c       0x7d Application\User\Core\c_drivers\hal_wrapper.o
 .comment       0x0000007c       0x7d Application\User\Core\main.o
 .comment       0x0000007c       0x7d Application\User\Core\stm32l0xx_hal_msp.o
 .comment       0x0000007c       0x7d Application\User\Core\stm32l0xx_it.o
 .comment       0x0000007c       0x7d Drivers\CMSIS\system_stm32l0xx.o
 .comment       0x0000007c       0x7d Drivers\STM32L0xx_HAL_Driver\stm32l0xx_hal.o
 .comment       0x0000007c       0x7d Drivers\STM32L0xx_HAL_Driver\stm32l0xx_hal_adc.o
 .comment       0x0000007c       0x7d Drivers\STM32L0xx_HAL_Driver\stm32l0xx_hal_cortex.o
 .comment       0x0000007c       0x7d Drivers\STM32L0xx_HAL_Driver\stm32l0xx_hal_dma.o
 .comment       0x0000007c       0x7d Drivers\STM32L0xx_HAL_Driver\stm32l0xx_hal_gpio.o
 .comment       0x0000007c       0x7d Drivers\STM32L0xx_HAL_Driver\stm32l0xx_hal_rcc.o
 .comment       0x0000007c       0x7d Drivers\STM32L0xx_HAL_Driver\stm32l0xx_hal_rcc_ex.o
 .comment       0x0000007c       0x7d Drivers\STM32L0xx_HAL_Driver\stm32l0xx_hal_uart.o
 .comment       0x0000007c       0x7d Drivers\STM32L0xx_HAL_Driver\stm32l0xx_hal_uart_ex.o

.debug_frame    0x00000000     0x1ec0
 .debug_frame   0x00000000       0xa8 Application\User\Core\c_drivers\cmd_handler.o
 .debug_frame   0x000000a8      0x14c Application\User\Core\c_drivers\hal_wrapper.o
 .debug_frame   0x000001f4       0xc4 Application\User\Core\main.o
 .debug_frame   0x000002b8       0xac Application\User\Core\stm32l0xx_hal_msp.o
 .debug_frame   0x00000364       0xb8 Application\User\Core\stm32l0xx_it.o
 .debug_frame   0x0000041c       0x4c Drivers\CMSIS\system_stm32l0xx.o
 .debug_frame   0x00000468      0x390 Drivers\STM32L0xx_HAL_Driver\stm32l0xx_hal.o
 .debug_frame   0x000007f8      0x3b0 Drivers\STM32L0xx_HAL_Driver\stm32l0xx_hal_adc.o
 .debug_frame   0x00000ba8      0x300 Drivers\STM32L0xx_HAL_Driver\stm32l0xx_hal_cortex.o
 .debug_frame   0x00000ea8      0x1b0 Drivers\STM32L0xx_HAL_Driver\stm32l0xx_hal_dma.o
 .debug_frame   0x00001058      0x110 Drivers\STM32L0xx_HAL_Driver\stm32l0xx_hal_gpio.o
 .debug_frame   0x00001168      0x19c Drivers\STM32L0xx_HAL_Driver\stm32l0xx_hal_rcc.o
 .debug_frame   0x00001304       0xfc Drivers\STM32L0xx_HAL_Driver\stm32l0xx_hal_rcc_ex.o
 .debug_frame   0x00001400      0x854 Drivers\STM32L0xx_HAL_Driver\stm32l0xx_hal_uart.o
 .debug_frame   0x00001c54      0x190 Drivers\STM32L0xx_HAL_Driver\stm32l0xx_hal_uart_ex.o
 .debug_frame   0x00001de4       0x2c c:/program files (x86)/atollic/truestudio for stm32 9.3.0/armtools/bin/../lib/gcc/arm-atollic-eabi/6.3.1/../../../../arm-atollic-eabi/lib/armv6-m\libc_nano.a(lib_a-init.o)
 .debug_frame   0x00001e10       0x20 c:/program files (x86)/atollic/truestudio for stm32 9.3.0/armtools/bin/../lib/gcc/arm-atollic-eabi/6.3.1/../../../../arm-atollic-eabi/lib/armv6-m\libc_nano.a(lib_a-memset.o)
 .debug_frame   0x00001e30       0x20 c:/program files (x86)/atollic/truestudio for stm32 9.3.0/armtools/bin/../lib/gcc/arm-atollic-eabi/6.3.1/armv6-m\libgcc.a(_udivsi3.o)
 .debug_frame   0x00001e50       0x34 c:/program files (x86)/atollic/truestudio for stm32 9.3.0/armtools/bin/../lib/gcc/arm-atollic-eabi/6.3.1/armv6-m\libgcc.a(_muldi3.o)
 .debug_frame   0x00001e84       0x3c c:/program files (x86)/atollic/truestudio for stm32 9.3.0/armtools/bin/../lib/gcc/arm-atollic-eabi/6.3.1/armv6-m\libgcc.a(_udivmoddi4.o)
