Archive member included to satisfy reference by file (symbol)

c:/program files (x86)/atollic/truestudio for stm32 9.3.0/armtools/bin/../lib/gcc/arm-atollic-eabi/6.3.1/../../../../arm-atollic-eabi/lib/armv6-m\libc_nano.a(lib_a-errno.o)
                              Application\TrueSTUDIO\syscalls.o (__errno)
c:/program files (x86)/atollic/truestudio for stm32 9.3.0/armtools/bin/../lib/gcc/arm-atollic-eabi/6.3.1/../../../../arm-atollic-eabi/lib/armv6-m\libc_nano.a(lib_a-impure.o)
                              c:/program files (x86)/atollic/truestudio for stm32 9.3.0/armtools/bin/../lib/gcc/arm-atollic-eabi/6.3.1/../../../../arm-atollic-eabi/lib/armv6-m\libc_nano.a(lib_a-errno.o) (_impure_ptr)
c:/program files (x86)/atollic/truestudio for stm32 9.3.0/armtools/bin/../lib/gcc/arm-atollic-eabi/6.3.1/../../../../arm-atollic-eabi/lib/armv6-m\libc_nano.a(lib_a-init.o)
                              Application\TrueSTUDIO\startup_stm32l051xx.o (__libc_init_array)
c:/program files (x86)/atollic/truestudio for stm32 9.3.0/armtools/bin/../lib/gcc/arm-atollic-eabi/6.3.1/../../../../arm-atollic-eabi/lib/armv6-m\libc_nano.a(lib_a-memset.o)
                              Application\User\Core\c_drivers\hal_wrapper.o (memset)
c:/program files (x86)/atollic/truestudio for stm32 9.3.0/armtools/bin/../lib/gcc/arm-atollic-eabi/6.3.1/armv6-m\libgcc.a(_udivsi3.o)
                              Drivers\CMSIS\system_stm32l0xx.o (__aeabi_uidiv)
c:/program files (x86)/atollic/truestudio for stm32 9.3.0/armtools/bin/../lib/gcc/arm-atollic-eabi/6.3.1/armv6-m\libgcc.a(_dvmd_tls.o)
                              c:/program files (x86)/atollic/truestudio for stm32 9.3.0/armtools/bin/../lib/gcc/arm-atollic-eabi/6.3.1/armv6-m\libgcc.a(_udivsi3.o) (__aeabi_idiv0)
c:/program files (x86)/atollic/truestudio for stm32 9.3.0/armtools/bin/../lib/gcc/arm-atollic-eabi/6.3.1/armv6-m\libgcc.a(_aeabi_uldivmod.o)
                              Drivers\STM32L0xx_HAL_Driver\stm32l0xx_hal_rcc.o (__aeabi_uldivmod)
c:/program files (x86)/atollic/truestudio for stm32 9.3.0/armtools/bin/../lib/gcc/arm-atollic-eabi/6.3.1/armv6-m\libgcc.a(_muldi3.o)
                              Drivers\STM32L0xx_HAL_Driver\stm32l0xx_hal_rcc.o (__aeabi_lmul)
c:/program files (x86)/atollic/truestudio for stm32 9.3.0/armtools/bin/../lib/gcc/arm-atollic-eabi/6.3.1/armv6-m\libgcc.a(_udivmoddi4.o)
                              c:/program files (x86)/atollic/truestudio for stm32 9.3.0/armtools/bin/../lib/gcc/arm-atollic-eabi/6.3.1/armv6-m\libgcc.a(_aeabi_uldivmod.o) (__udivmoddi4)
c:/program files (x86)/atollic/truestudio for stm32 9.3.0/armtools/bin/../lib/gcc/arm-atollic-eabi/6.3.1/armv6-m\libgcc.a(_clzdi2.o)
                              c:/program files (x86)/atollic/truestudio for stm32 9.3.0/armtools/bin/../lib/gcc/arm-atollic-eabi/6.3.1/armv6-m\libgcc.a(_udivmoddi4.o) (__clzdi2)
c:/program files (x86)/atollic/truestudio for stm32 9.3.0/armtools/bin/../lib/gcc/arm-atollic-eabi/6.3.1/armv6-m\libgcc.a(_clzsi2.o)
                              c:/program files (x86)/atollic/truestudio for stm32 9.3.0/armtools/bin/../lib/gcc/arm-atollic-eabi/6.3.1/armv6-m\libgcc.a(_clzdi2.o) (__clzsi2)

Allocating common symbols
Common symbol       size              file

uwTick              0x4               Drivers\STM32L0xx_HAL_Driver\stm32l0xx_hal.o
pFlash              0x18              Drivers\STM32L0xx_HAL_Driver\stm32l0xx_hal_flash.o
huart2              0x84              Application\User\Core\main.o
hadc                0x5c              Application\User\Core\main.o

Discarded input sections

 .text          0x00000000        0x0 c:/program files (x86)/atollic/truestudio for stm32 9.3.0/armtools/bin/../lib/gcc/arm-atollic-eabi/6.3.1/armv6-m/crti.o
 .data          0x00000000        0x0 c:/program files (x86)/atollic/truestudio for stm32 9.3.0/armtools/bin/../lib/gcc/arm-atollic-eabi/6.3.1/armv6-m/crti.o
 .bss           0x00000000        0x0 c:/program files (x86)/atollic/truestudio for stm32 9.3.0/armtools/bin/../lib/gcc/arm-atollic-eabi/6.3.1/armv6-m/crti.o
 .data          0x00000000        0x4 c:/program files (x86)/atollic/truestudio for stm32 9.3.0/armtools/bin/../lib/gcc/arm-atollic-eabi/6.3.1/armv6-m/crtbegin.o
 .text          0x00000000       0x14 Application\TrueSTUDIO\startup_stm32l051xx.o
 .data          0x00000000        0x0 Application\TrueSTUDIO\startup_stm32l051xx.o
 .bss           0x00000000        0x0 Application\TrueSTUDIO\startup_stm32l051xx.o
 .text          0x00000000        0x0 Application\TrueSTUDIO\syscalls.o
 .data          0x00000000        0x0 Application\TrueSTUDIO\syscalls.o
 .bss           0x00000000        0x0 Application\TrueSTUDIO\syscalls.o
 .bss.__env     0x00000000        0x4 Application\TrueSTUDIO\syscalls.o
 .data.environ  0x00000000        0x4 Application\TrueSTUDIO\syscalls.o
 .text.initialise_monitor_handles
                0x00000000        0xa Application\TrueSTUDIO\syscalls.o
 .text._getpid  0x00000000        0xc Application\TrueSTUDIO\syscalls.o
[...]
Memory Configuration

Name             Origin             Length             Attributes
RAM              0x20000000         0x00002000         xrw
FLASH            0x08000000         0x00010000         xr
*default*        0x00000000         0xffffffff

Linker script and memory map

LOAD c:/program files (x86)/atollic/truestudio for stm32 9.3.0/armtools/bin/../lib/gcc/arm-atollic-eabi/6.3.1/armv6-m/crti.o
LOAD c:/program files (x86)/atollic/truestudio for stm32 9.3.0/armtools/bin/../lib/gcc/arm-atollic-eabi/6.3.1/armv6-m/crtbegin.o
LOAD Application\TrueSTUDIO\startup_stm32l051xx.o
LOAD Application\TrueSTUDIO\syscalls.o
LOAD Application\User\Core\c_drivers\cmd_handler.o
LOAD Application\User\Core\c_drivers\hal_wrapper.o
LOAD Application\User\Core\main.o
LOAD Application\User\Core\stm32l0xx_hal_msp.o
LOAD Application\User\Core\stm32l0xx_it.o
LOAD Drivers\CMSIS\system_stm32l0xx.o
LOAD Drivers\STM32L0xx_HAL_Driver\stm32l0xx_hal.o
LOAD Drivers\STM32L0xx_HAL_Driver\stm32l0xx_hal_adc.o
LOAD Drivers\STM32L0xx_HAL_Driver\stm32l0xx_hal_adc_ex.o
LOAD Drivers\STM32L0xx_HAL_Driver\stm32l0xx_hal_cortex.o
LOAD Drivers\STM32L0xx_HAL_Driver\stm32l0xx_hal_dma.o
LOAD Drivers\STM32L0xx_HAL_Driver\stm32l0xx_hal_exti.o
LOAD Drivers\STM32L0xx_HAL_Driver\stm32l0xx_hal_flash.o
LOAD Drivers\STM32L0xx_HAL_Driver\stm32l0xx_hal_flash_ex.o
LOAD Drivers\STM32L0xx_HAL_Driver\stm32l0xx_hal_flash_ramfunc.o
LOAD Drivers\STM32L0xx_HAL_Driver\stm32l0xx_hal_gpio.o
LOAD Drivers\STM32L0xx_HAL_Driver\stm32l0xx_hal_i2c.o
LOAD Drivers\STM32L0xx_HAL_Driver\stm32l0xx_hal_i2c_ex.o
LOAD Drivers\STM32L0xx_HAL_Driver\stm32l0xx_hal_pwr.o
LOAD Drivers\STM32L0xx_HAL_Driver\stm32l0xx_hal_pwr_ex.o
LOAD Drivers\STM32L0xx_HAL_Driver\stm32l0xx_hal_rcc.o
LOAD Drivers\STM32L0xx_HAL_Driver\stm32l0xx_hal_rcc_ex.o
LOAD Drivers\STM32L0xx_HAL_Driver\stm32l0xx_hal_tim.o
LOAD Drivers\STM32L0xx_HAL_Driver\stm32l0xx_hal_tim_ex.o
LOAD Drivers\STM32L0xx_HAL_Driver\stm32l0xx_hal_uart.o
LOAD Drivers\STM32L0xx_HAL_Driver\stm32l0xx_hal_uart_ex.o
                0x00000080                malloc_getpagesize_P = 0x80
START GROUP
LOAD c:/program files (x86)/atollic/truestudio for stm32 9.3.0/armtools/bin/../lib/gcc/arm-atollic-eabi/6.3.1/../../../../arm-atollic-eabi/lib/armv6-m\libc_nano.a
LOAD c:/program files (x86)/atollic/truestudio for stm32 9.3.0/armtools/bin/../lib/gcc/arm-atollic-eabi/6.3.1/../../../../arm-atollic-eabi/lib/armv6-m\libm.a
END GROUP
START GROUP
LOAD c:/program files (x86)/atollic/truestudio for stm32 9.3.0/armtools/bin/../lib/gcc/arm-atollic-eabi/6.3.1/armv6-m\libgcc.a
LOAD c:/program files (x86)/atollic/truestudio for stm32 9.3.0/armtools/bin/../lib/gcc/arm-atollic-eabi/6.3.1/../../../../arm-atollic-eabi/lib/armv6-m\libc_nano.a
END GROUP
START GROUP
LOAD c:/program files (x86)/atollic/truestudio for stm32 9.3.0/armtools/bin/../lib/gcc/arm-atollic-eabi/6.3.1/armv6-m\libgcc.a
LOAD c:/program files (x86)/atollic/truestudio for stm32 9.3.0/armtools/bin/../lib/gcc/arm-atollic-eabi/6.3.1/../../../../arm-atollic-eabi/lib/armv6-m\libc_nano.a
LOAD c:/program files (x86)/atollic/truestudio for stm32 9.3.0/armtools/bin/../lib/gcc/arm-atollic-eabi/6.3.1/../../../../arm-atollic-eabi/lib/armv6-m\libnosys.a
END GROUP
START GROUP
LOAD c:/program files (x86)/atollic/truestudio for stm32 9.3.0/armtools/bin/../lib/gcc/arm-atollic-eabi/6.3.1/armv6-m\libgcc.a
LOAD c:/program files (x86)/atollic/truestudio for stm32 9.3.0/armtools/bin/../lib/gcc/arm-atollic-eabi/6.3.1/../../../../arm-atollic-eabi/lib/armv6-m\libc_nano.a
LOAD c:/program files (x86)/atollic/truestudio for stm32 9.3.0/armtools/bin/../lib/gcc/arm-atollic-eabi/6.3.1/../../../../arm-atollic-eabi/lib/armv6-m\libnosys.a
END GROUP
LOAD c:/program files (x86)/atollic/truestudio for stm32 9.3.0/armtools/bin/../lib/gcc/arm-atollic-eabi/6.3.1/armv6-m/crtend.o
LOAD c:/program files (x86)/atollic/truestudio for stm32 9.3.0/armtools/bin/../lib/gcc/arm-atollic-eabi/6.3.1/armv6-m/crtn.o
                0x20002000                _estack = 0x20002000
                0x00000200                _Min_Heap_Size = 0x200
                0x00000400                _Min_Stack_Size = 0x400

.isr_vector     0x08000000       0xc0
                0x08000000                . = ALIGN (0x4)
 *(.isr_vector)
 .isr_vector    0x08000000       0xc0 Application\TrueSTUDIO\startup_stm32l051xx.o
                0x08000000                g_pfnVectors
                0x080000c0                . = ALIGN (0x4)

.text           0x080000c0     0x296c
                0x080000c0                . = ALIGN (0x4)
 *(.text)
 .text          0x080000c0       0x48 c:/program files (x86)/atollic/truestudio for stm32 9.3.0/armtools/bin/../lib/gcc/arm-atollic-eabi/6.3.1/armv6-m/crtbegin.o
 .text          0x08000108      0x114 c:/program files (x86)/atollic/truestudio for stm32 9.3.0/armtools/bin/../lib/gcc/arm-atollic-eabi/6.3.1/armv6-m\libgcc.a(_udivsi3.o)
                0x08000108                __aeabi_uidiv
                0x08000108                __udivsi3
                0x08000214                __aeabi_uidivmod
 .text          0x0800021c        0x4 c:/program files (x86)/atollic/truestudio for stm32 9.3.0/armtools/bin/../lib/gcc/arm-atollic-eabi/6.3.1/armv6-m\libgcc.a(_dvmd_tls.o)
                0x0800021c                __aeabi_idiv0
                0x0800021c                __aeabi_ldiv0
 .text          0x08000220       0x40 c:/program files (x86)/atollic/truestudio for stm32 9.3.0/armtools/bin/../lib/gcc/arm-atollic-eabi/6.3.1/armv6-m\libgcc.a(_aeabi_uldivmod.o)
                0x08000220                __aeabi_uldivmod
 .text          0x08000260       0x54 c:/program files (x86)/atollic/truestudio for stm32 9.3.0/armtools/bin/../lib/gcc/arm-atollic-eabi/6.3.1/armv6-m\libgcc.a(_muldi3.o)
                0x08000260                __muldi3
                0x08000260                __aeabi_lmul
 .text          0x080002b4      0x180 c:/program files (x86)/atollic/truestudio for stm32 9.3.0/armtools/bin/../lib/gcc/arm-atollic-eabi/6.3.1/armv6-m\libgcc.a(_udivmoddi4.o)
                0x080002b4                __udivmoddi4
 .text          0x08000434       0x18 c:/program files (x86)/atollic/truestudio for stm32 9.3.0/armtools/bin/../lib/gcc/arm-atollic-eabi/6.3.1/armv6-m\libgcc.a(_clzdi2.o)
                0x08000434                __clzdi2
 .text          0x0800044c       0x3c c:/program files (x86)/atollic/truestudio for stm32 9.3.0/armtools/bin/../lib/gcc/arm-atollic-eabi/6.3.1/armv6-m\libgcc.a(_clzsi2.o)
                0x0800044c                __clzsi2
 *(.text*)
 .text.Reset_Handler
                0x08000488       0x50 Application\TrueSTUDIO\startup_stm32l051xx.o
                0x08000488                Reset_Handler
 .text.Default_Handler
                0x080004d8        0x2 Application\TrueSTUDIO\startup_stm32l051xx.o
                0x080004d8                ADC1_COMP_IRQHandler
                0x080004d8                TIM6_IRQHandler
                0x080004d8                PVD_IRQHandler
                0x080004d8                I2C1_IRQHandler
                0x080004d8                SPI1_IRQHandler
                0x080004d8                EXTI2_3_IRQHandler
                0x080004d8                I2C2_IRQHandler
                0x080004d8                RTC_IRQHandler
                0x080004d8                DMA1_Channel4_5_6_7_IRQHandler
                0x080004d8                EXTI4_15_IRQHandler
                0x080004d8                RCC_IRQHandler
                0x080004d8                DMA1_Channel1_IRQHandler
                0x080004d8                Default_Handler
                0x080004d8                TIM22_IRQHandler
                0x080004d8                EXTI0_1_IRQHandler
                0x080004d8                SPI2_IRQHandler
                0x080004d8                TIM21_IRQHandler
                0x080004d8                WWDG_IRQHandler
                0x080004d8                LPUART1_IRQHandler
                0x080004d8                TIM2_IRQHandler
                0x080004d8                DMA1_Channel2_3_IRQHandler
                0x080004d8                USART2_IRQHandler
                0x080004d8                FLASH_IRQHandler
                0x080004d8                USART1_IRQHandler
                0x080004d8                LPTIM1_IRQHandler
 .text.main     0x080004da       0x1a Application\User\Core\main.o
                0x080004da                main
 .text.SystemClock_Config
                0x080004f4       0xec Application\User\Core\main.o
                0x080004f4                SystemClock_Config
 .text.MX_ADC_Init
                0x080005e0       0xe4 Application\User\Core\main.o
 .text.MX_USART2_UART_Init
                0x080006c4       0x60 Application\User\Core\main.o
 .text.MX_GPIO_Init
                0x08000724      0x12c Application\User\Core\main.o
 .text.Error_Handler
                0x08000850        0x8 Application\User\Core\main.o
                0x08000850                Error_Handler
 .text.HAL_MspInit
                0x08000858       0x28 Application\User\Core\stm32l0xx_hal_msp.o
                0x08000858                HAL_MspInit
 .text.HAL_ADC_MspInit
                0x08000880       0x80 Application\User\Core\stm32l0xx_hal_msp.o
                0x08000880                HAL_ADC_MspInit
 .text.HAL_UART_MspInit
                0x08000900       0x90 Application\User\Core\stm32l0xx_hal_msp.o
                0x08000900                HAL_UART_MspInit
 .text.NMI_Handler
                0x08000990        0x6 Application\User\Core\stm32l0xx_it.o
                0x08000990                NMI_Handler
 .text.HardFault_Handler
                0x08000996        0x6 Application\User\Core\stm32l0xx_it.o
                0x08000996                HardFault_Handler
 .text.SVC_Handler
                0x0800099c        0xa Application\User\Core\stm32l0xx_it.o
                0x0800099c                SVC_Handler
 .text.PendSV_Handler
                0x080009a6        0xa Application\User\Core\stm32l0xx_it.o
                0x080009a6                PendSV_Handler
 .text.SysTick_Handler
                0x080009b0        0xe Application\User\Core\stm32l0xx_it.o
                0x080009b0                SysTick_Handler
 .text.SystemInit
                0x080009be        0xa Drivers\CMSIS\system_stm32l0xx.o
                0x080009be                SystemInit
 .text.HAL_Init
                0x080009c8       0x40 Drivers\STM32L0xx_HAL_Driver\stm32l0xx_hal.o
                0x080009c8                HAL_Init
 .text.HAL_InitTick
                0x08000a08       0x68 Drivers\STM32L0xx_HAL_Driver\stm32l0xx_hal.o
                0x08000a08                HAL_InitTick
 .text.HAL_IncTick
                0x08000a70       0x24 Drivers\STM32L0xx_HAL_Driver\stm32l0xx_hal.o
                0x08000a70                HAL_IncTick
 .text.HAL_GetTick
                0x08000a94       0x14 Drivers\STM32L0xx_HAL_Driver\stm32l0xx_hal.o
                0x08000a94                HAL_GetTick
 .text.HAL_ADC_Init
                0x08000aa8      0x2e8 Drivers\STM32L0xx_HAL_Driver\stm32l0xx_hal_adc.o
                0x08000aa8                HAL_ADC_Init
 .text.HAL_ADC_ConfigChannel
                0x08000d90      0x10c Drivers\STM32L0xx_HAL_Driver\stm32l0xx_hal_adc.o
                0x08000d90                HAL_ADC_ConfigChannel
 .text.ADC_DelayMicroSecond
                0x08000e9c       0x3c Drivers\STM32L0xx_HAL_Driver\stm32l0xx_hal_adc.o
 .text.__NVIC_SetPriority
                0x08000ed8       0xdc Drivers\STM32L0xx_HAL_Driver\stm32l0xx_hal_cortex.o
 .text.SysTick_Config
                0x08000fb4       0x48 Drivers\STM32L0xx_HAL_Driver\stm32l0xx_hal_cortex.o
 .text.HAL_NVIC_SetPriority
                0x08000ffc       0x2c Drivers\STM32L0xx_HAL_Driver\stm32l0xx_hal_cortex.o
                0x08000ffc                HAL_NVIC_SetPriority
 .text.HAL_SYSTICK_Config
                0x08001028       0x1a Drivers\STM32L0xx_HAL_Driver\stm32l0xx_hal_cortex.o
                0x08001028                HAL_SYSTICK_Config
 *fill*         0x08001042        0x2 
 .text.HAL_GPIO_Init
                0x08001044      0x2ec Drivers\STM32L0xx_HAL_Driver\stm32l0xx_hal_gpio.o
                0x08001044                HAL_GPIO_Init
 .text.HAL_GPIO_WritePin
                0x08001330       0x3a Drivers\STM32L0xx_HAL_Driver\stm32l0xx_hal_gpio.o
                0x08001330                HAL_GPIO_WritePin
 *fill*         0x0800136a        0x2 
 .text.HAL_RCC_OscConfig
                0x0800136c      0x6d4 Drivers\STM32L0xx_HAL_Driver\stm32l0xx_hal_rcc.o
                0x0800136c                HAL_RCC_OscConfig
 .text.HAL_RCC_ClockConfig
                0x08001a40      0x290 Drivers\STM32L0xx_HAL_Driver\stm32l0xx_hal_rcc.o
                0x08001a40                HAL_RCC_ClockConfig
 .text.HAL_RCC_GetSysClockFreq
                0x08001cd0      0x144 Drivers\STM32L0xx_HAL_Driver\stm32l0xx_hal_rcc.o
                0x08001cd0                HAL_RCC_GetSysClockFreq
 .text.HAL_RCC_GetHCLKFreq
                0x08001e14       0x14 Drivers\STM32L0xx_HAL_Driver\stm32l0xx_hal_rcc.o
                0x08001e14                HAL_RCC_GetHCLKFreq
 .text.HAL_RCC_GetPCLK1Freq
                0x08001e28       0x2c Drivers\STM32L0xx_HAL_Driver\stm32l0xx_hal_rcc.o
                0x08001e28                HAL_RCC_GetPCLK1Freq
 .text.HAL_RCC_GetPCLK2Freq
                0x08001e54       0x2c Drivers\STM32L0xx_HAL_Driver\stm32l0xx_hal_rcc.o
                0x08001e54                HAL_RCC_GetPCLK2Freq
 .text.HAL_RCCEx_PeriphCLKConfig
                0x08001e80      0x264 Drivers\STM32L0xx_HAL_Driver\stm32l0xx_hal_rcc_ex.o
                0x08001e80                HAL_RCCEx_PeriphCLKConfig
 .text.HAL_UART_Init
                0x080020e4       0xa8 Drivers\STM32L0xx_HAL_Driver\stm32l0xx_hal_uart.o
                0x080020e4                HAL_UART_Init
 .text.UART_SetConfig
                0x0800218c      0x548 Drivers\STM32L0xx_HAL_Driver\stm32l0xx_hal_uart.o
                0x0800218c                UART_SetConfig
 .text.UART_AdvFeatureConfig
                0x080026d4      0x158 Drivers\STM32L0xx_HAL_Driver\stm32l0xx_hal_uart.o
                0x080026d4                UART_AdvFeatureConfig
 .text.UART_CheckIdleState
                0x0800282c       0x94 Drivers\STM32L0xx_HAL_Driver\stm32l0xx_hal_uart.o
                0x0800282c                UART_CheckIdleState
 .text.UART_WaitOnFlagUntilTimeout
                0x080028c0       0xfc Drivers\STM32L0xx_HAL_Driver\stm32l0xx_hal_uart.o
                0x080028c0                UART_WaitOnFlagUntilTimeout
 .text.__libc_init_array
                0x080029bc       0x48 c:/program files (x86)/atollic/truestudio for stm32 9.3.0/armtools/bin/../lib/gcc/arm-atollic-eabi/6.3.1/../../../../arm-atollic-eabi/lib/armv6-m\libc_nano.a(lib_a-init.o)
                0x080029bc                __libc_init_array
 .text.memset   0x08002a04       0x10 c:/program files (x86)/atollic/truestudio for stm32 9.3.0/armtools/bin/../lib/gcc/arm-atollic-eabi/6.3.1/../../../../arm-atollic-eabi/lib/armv6-m\libc_nano.a(lib_a-memset.o)
                0x08002a04                memset
 *(.glue_7)
 .glue_7        0x08002a14        0x0 linker stubs
 *(.glue_7t)
 .glue_7t       0x08002a14        0x0 linker stubs
 *(.eh_frame)
 .eh_frame      0x08002a14        0x0 c:/program files (x86)/atollic/truestudio for stm32 9.3.0/armtools/bin/../lib/gcc/arm-atollic-eabi/6.3.1/armv6-m/crtbegin.o
 *(.init)
 .init          0x08002a14        0x4 c:/program files (x86)/atollic/truestudio for stm32 9.3.0/armtools/bin/../lib/gcc/arm-atollic-eabi/6.3.1/armv6-m/crti.o
                0x08002a14                _init
 .init          0x08002a18        0x8 c:/program files (x86)/atollic/truestudio for stm32 9.3.0/armtools/bin/../lib/gcc/arm-atollic-eabi/6.3.1/armv6-m/crtn.o
 *(.fini)
 .fini          0x08002a20        0x4 c:/program files (x86)/atollic/truestudio for stm32 9.3.0/armtools/bin/../lib/gcc/arm-atollic-eabi/6.3.1/armv6-m/crti.o
                0x08002a20                _fini
 .fini          0x08002a24        0x8 c:/program files (x86)/atollic/truestudio for stm32 9.3.0/armtools/bin/../lib/gcc/arm-atollic-eabi/6.3.1/armv6-m/crtn.o
                0x08002a2c                . = ALIGN (0x4)
                0x08002a2c                _etext = .

.vfp11_veneer   0x08002a2c        0x0
 .vfp11_veneer  0x08002a2c        0x0 linker stubs

.v4_bx          0x08002a2c        0x0
 .v4_bx         0x08002a2c        0x0 linker stubs

.iplt           0x08002a2c        0x0
 .iplt          0x08002a2c        0x0 c:/program files (x86)/atollic/truestudio for stm32 9.3.0/armtools/bin/../lib/gcc/arm-atollic-eabi/6.3.1/armv6-m/crtbegin.o

.rodata         0x08002a2c       0x6c
                0x08002a2c                . = ALIGN (0x4)
 *(.rodata)
 *(.rodata*)
 .rodata.AHBPrescTable
                0x08002a2c       0x10 Drivers\CMSIS\system_stm32l0xx.o
                0x08002a2c                AHBPrescTable
 .rodata.APBPrescTable
                0x08002a3c        0x8 Drivers\CMSIS\system_stm32l0xx.o
                0x08002a3c                APBPrescTable
 .rodata.PLLMulTable
                0x08002a44        0x9 Drivers\CMSIS\system_stm32l0xx.o
                0x08002a44                PLLMulTable
 *fill*         0x08002a4d        0x3 
 .rodata.UART_SetConfig
                0x08002a50       0x48 Drivers\STM32L0xx_HAL_Driver\stm32l0xx_hal_uart.o
                0x08002a98                . = ALIGN (0x4)

.ARM.extab
 *(.ARM.extab* .gnu.linkonce.armextab.*)

.ARM            0x08002a98        0x8
                0x08002a98                __exidx_start = .
 *(.ARM.exidx*)
 .ARM.exidx     0x08002a98        0x8 c:/program files (x86)/atollic/truestudio for stm32 9.3.0/armtools/bin/../lib/gcc/arm-atollic-eabi/6.3.1/armv6-m\libgcc.a(_udivmoddi4.o)
                0x08002aa0                __exidx_end = .

.rel.dyn        0x08002aa0        0x0
 .rel.iplt      0x08002aa0        0x0 c:/program files (x86)/atollic/truestudio for stm32 9.3.0/armtools/bin/../lib/gcc/arm-atollic-eabi/6.3.1/armv6-m/crtbegin.o

.preinit_array  0x08002aa0        0x0
                0x08002aa0                PROVIDE (__preinit_array_start, .)
 *(.preinit_array*)
                0x08002aa0                PROVIDE (__preinit_array_end, .)

.init_array     0x08002aa0        0x4
                0x08002aa0                PROVIDE (__init_array_start, .)
 *(SORT(.init_array.*))
 *(.init_array*)
 .init_array    0x08002aa0        0x4 c:/program files (x86)/atollic/truestudio for stm32 9.3.0/armtools/bin/../lib/gcc/arm-atollic-eabi/6.3.1/armv6-m/crtbegin.o
                0x08002aa4                PROVIDE (__init_array_end, .)

.fini_array     0x08002aa4        0x4
                [!provide]                PROVIDE (__fini_array_start, .)
 *(SORT(.fini_array.*))
 *(.fini_array*)
 .fini_array    0x08002aa4        0x4 c:/program files (x86)/atollic/truestudio for stm32 9.3.0/armtools/bin/../lib/gcc/arm-atollic-eabi/6.3.1/armv6-m/crtbegin.o
                [!provide]                PROVIDE (__fini_array_end, .)
                0x08002aa8                _sidata = LOADADDR (.data)

.data           0x20000000        0xc load address 0x08002aa8
                0x20000000                . = ALIGN (0x4)
                0x20000000                _sdata = .
 *(.data)
 *(.data*)
 .data.SystemCoreClock
                0x20000000        0x4 Drivers\CMSIS\system_stm32l0xx.o
                0x20000000                SystemCoreClock
 .data.uwTickPrio
                0x20000004        0x4 Drivers\STM32L0xx_HAL_Driver\stm32l0xx_hal.o
                0x20000004                uwTickPrio
 .data.uwTickFreq
                0x20000008        0x1 Drivers\STM32L0xx_HAL_Driver\stm32l0xx_hal.o
                0x20000008                uwTickFreq
                0x2000000c                . = ALIGN (0x4)
 *fill*         0x20000009        0x3 
                0x2000000c                _edata = .

.igot.plt       0x2000000c        0x0 load address 0x08002ab4
 .igot.plt      0x2000000c        0x0 c:/program files (x86)/atollic/truestudio for stm32 9.3.0/armtools/bin/../lib/gcc/arm-atollic-eabi/6.3.1/armv6-m/crtbegin.o
                0x2000000c                . = ALIGN (0x4)

.bss            0x2000000c      0x100 load address 0x08002ab4
                0x2000000c                _sbss = .
                0x2000000c                __bss_start__ = _sbss
 *(.bss)
 .bss           0x2000000c       0x1c c:/program files (x86)/atollic/truestudio for stm32 9.3.0/armtools/bin/../lib/gcc/arm-atollic-eabi/6.3.1/armv6-m/crtbegin.o
 *(.bss*)
 *(COMMON)
 COMMON         0x20000028       0xe0 Application\User\Core\main.o
                0x20000028                huart2
                0x200000ac                hadc
 COMMON         0x20000108        0x4 Drivers\STM32L0xx_HAL_Driver\stm32l0xx_hal.o
                0x20000108                uwTick
                0x2000010c                . = ALIGN (0x4)
                0x2000010c                _ebss = .
                0x2000010c                __bss_end__ = _ebss

._user_heap_stack
                0x2000010c      0x600 load address 0x08002ab4
                0x2000010c                . = ALIGN (0x4)
                0x2000010c                PROVIDE (end, .)
                [!provide]                PROVIDE (_end, .)
                0x2000030c                . = (. + _Min_Heap_Size)
 *fill*         0x2000010c      0x200 
                0x2000070c                . = (. + _Min_Stack_Size)
 *fill*         0x2000030c      0x400 
                0x2000070c                . = ALIGN (0x4)

/DISCARD/
 libc.a(*)
 libm.a(*)
 libgcc.a(*)

.ARM.attributes
                0x00000000       0x28
 *(.ARM.attributes)
 .ARM.attributes
                0x00000000       0x1e c:/program files (x86)/atollic/truestudio for stm32 9.3.0/armtools/bin/../lib/gcc/arm-atollic-eabi/6.3.1/armv6-m/crti.o
 .ARM.attributes
                0x0000001e       0x2c c:/program files (x86)/atollic/truestudio for stm32 9.3.0/armtools/bin/../lib/gcc/arm-atollic-eabi/6.3.1/armv6-m/crtbegin.o
 .ARM.attributes
                0x0000004a       0x22 Application\TrueSTUDIO\startup_stm32l051xx.o
 .ARM.attributes
                0x0000006c       0x32 Application\User\Core\main.o
 .ARM.attributes
                0x0000009e       0x32 Application\User\Core\stm32l0xx_hal_msp.o
 .ARM.attributes
                0x000000d0       0x32 Application\User\Core\stm32l0xx_it.o
 .ARM.attributes
                0x00000102       0x32 Drivers\CMSIS\system_stm32l0xx.o
 .ARM.attributes
                0x00000134       0x32 Drivers\STM32L0xx_HAL_Driver\stm32l0xx_hal.o
 .ARM.attributes
                0x00000166       0x32 Drivers\STM32L0xx_HAL_Driver\stm32l0xx_hal_adc.o
 .ARM.attributes
                0x00000198       0x32 Drivers\STM32L0xx_HAL_Driver\stm32l0xx_hal_cortex.o
 .ARM.attributes
                0x000001ca       0x32 Drivers\STM32L0xx_HAL_Driver\stm32l0xx_hal_gpio.o
 .ARM.attributes
                0x000001fc       0x32 Drivers\STM32L0xx_HAL_Driver\stm32l0xx_hal_rcc.o
 .ARM.attributes
                0x0000022e       0x32 Drivers\STM32L0xx_HAL_Driver\stm32l0xx_hal_rcc_ex.o
 .ARM.attributes
                0x00000260       0x32 Drivers\STM32L0xx_HAL_Driver\stm32l0xx_hal_uart.o
 .ARM.attributes
                0x00000292       0x2c c:/program files (x86)/atollic/truestudio for stm32 9.3.0/armtools/bin/../lib/gcc/arm-atollic-eabi/6.3.1/../../../../arm-atollic-eabi/lib/armv6-m\libc_nano.a(lib_a-init.o)
 .ARM.attributes
                0x000002be       0x2c c:/program files (x86)/atollic/truestudio for stm32 9.3.0/armtools/bin/../lib/gcc/arm-atollic-eabi/6.3.1/../../../../arm-atollic-eabi/lib/armv6-m\libc_nano.a(lib_a-memset.o)
 .ARM.attributes
                0x000002ea       0x1e c:/program files (x86)/atollic/truestudio for stm32 9.3.0/armtools/bin/../lib/gcc/arm-atollic-eabi/6.3.1/armv6-m\libgcc.a(_udivsi3.o)
 .ARM.attributes
                0x00000308       0x1e c:/program files (x86)/atollic/truestudio for stm32 9.3.0/armtools/bin/../lib/gcc/arm-atollic-eabi/6.3.1/armv6-m\libgcc.a(_dvmd_tls.o)
 .ARM.attributes
                0x00000326       0x1e c:/program files (x86)/atollic/truestudio for stm32 9.3.0/armtools/bin/../lib/gcc/arm-atollic-eabi/6.3.1/armv6-m\libgcc.a(_aeabi_uldivmod.o)
 .ARM.attributes
                0x00000344       0x2c c:/program files (x86)/atollic/truestudio for stm32 9.3.0/armtools/bin/../lib/gcc/arm-atollic-eabi/6.3.1/armv6-m\libgcc.a(_muldi3.o)
 .ARM.attributes
                0x00000370       0x2c c:/program files (x86)/atollic/truestudio for stm32 9.3.0/armtools/bin/../lib/gcc/arm-atollic-eabi/6.3.1/armv6-m\libgcc.a(_udivmoddi4.o)
 .ARM.attributes
                0x0000039c       0x1e c:/program files (x86)/atollic/truestudio for stm32 9.3.0/armtools/bin/../lib/gcc/arm-atollic-eabi/6.3.1/armv6-m\libgcc.a(_clzdi2.o)
 .ARM.attributes
                0x000003ba       0x1e c:/program files (x86)/atollic/truestudio for stm32 9.3.0/armtools/bin/../lib/gcc/arm-atollic-eabi/6.3.1/armv6-m\libgcc.a(_clzsi2.o)
 .ARM.attributes
                0x000003d8       0x1e c:/program files (x86)/atollic/truestudio for stm32 9.3.0/armtools/bin/../lib/gcc/arm-atollic-eabi/6.3.1/armv6-m/crtn.o
OUTPUT(stmcube_prj.elf elf32-littlearm)

.debug_line     0x00000000     0x352c
 .debug_line    0x00000000       0x7d Application\TrueSTUDIO\startup_stm32l051xx.o
 .debug_line    0x0000007d      0x36b Application\User\Core\main.o
 .debug_line    0x000003e8      0x2b5 Application\User\Core\stm32l0xx_hal_msp.o
 .debug_line    0x0000069d      0x20a Application\User\Core\stm32l0xx_it.o
 .debug_line    0x000008a7      0x203 Drivers\CMSIS\system_stm32l0xx.o
 .debug_line    0x00000aaa      0x472 Drivers\STM32L0xx_HAL_Driver\stm32l0xx_hal.o
 .debug_line    0x00000f1c      0x719 Drivers\STM32L0xx_HAL_Driver\stm32l0xx_hal_adc.o
 .debug_line    0x00001635      0x47b Drivers\STM32L0xx_HAL_Driver\stm32l0xx_hal_cortex.o
 .debug_line    0x00001ab0      0x3aa Drivers\STM32L0xx_HAL_Driver\stm32l0xx_hal_gpio.o
 .debug_line    0x00001e5a      0x4ee Drivers\STM32L0xx_HAL_Driver\stm32l0xx_hal_rcc.o
 .debug_line    0x00002348      0x3da Drivers\STM32L0xx_HAL_Driver\stm32l0xx_hal_rcc_ex.o
 .debug_line    0x00002722      0xe0a Drivers\STM32L0xx_HAL_Driver\stm32l0xx_hal_uart.o

.debug_info     0x00000000     0x6b9a
 .debug_info    0x00000000       0xc6 Application\TrueSTUDIO\startup_stm32l051xx.o
 .debug_info    0x000000c6      0xeb4 Application\User\Core\main.o
 .debug_info    0x00000f7a      0xc2a Application\User\Core\stm32l0xx_hal_msp.o
 .debug_info    0x00001ba4      0x1c4 Application\User\Core\stm32l0xx_it.o
 .debug_info    0x00001d68      0x336 Drivers\CMSIS\system_stm32l0xx.o
 .debug_info    0x0000209e      0x857 Drivers\STM32L0xx_HAL_Driver\stm32l0xx_hal.o
 .debug_info    0x000028f5      0xd32 Drivers\STM32L0xx_HAL_Driver\stm32l0xx_hal_adc.o
 .debug_info    0x00003627      0x90c Drivers\STM32L0xx_HAL_Driver\stm32l0xx_hal_cortex.o
 .debug_info    0x00003f33      0x71a Drivers\STM32L0xx_HAL_Driver\stm32l0xx_hal_gpio.o
 .debug_info    0x0000464d      0x926 Drivers\STM32L0xx_HAL_Driver\stm32l0xx_hal_rcc.o
 .debug_info    0x00004f73      0x524 Drivers\STM32L0xx_HAL_Driver\stm32l0xx_hal_rcc_ex.o
 .debug_info    0x00005497     0x1703 Drivers\STM32L0xx_HAL_Driver\stm32l0xx_hal_uart.o

.debug_abbrev   0x00000000     0x13f8
 .debug_abbrev  0x00000000       0x12 Application\TrueSTUDIO\startup_stm32l051xx.o
 .debug_abbrev  0x00000012      0x227 Application\User\Core\main.o
 .debug_abbrev  0x00000239      0x18b Application\User\Core\stm32l0xx_hal_msp.o
 .debug_abbrev  0x000003c4       0xc1 Application\User\Core\stm32l0xx_it.o
 .debug_abbrev  0x00000485      0x126 Drivers\CMSIS\system_stm32l0xx.o
 .debug_abbrev  0x000005ab      0x230 Drivers\STM32L0xx_HAL_Driver\stm32l0xx_hal.o
 .debug_abbrev  0x000007db      0x1f5 Drivers\STM32L0xx_HAL_Driver\stm32l0xx_hal_adc.o
 .debug_abbrev  0x000009d0      0x277 Drivers\STM32L0xx_HAL_Driver\stm32l0xx_hal_cortex.o
 .debug_abbrev  0x00000c47      0x1bb Drivers\STM32L0xx_HAL_Driver\stm32l0xx_hal_gpio.o
 .debug_abbrev  0x00000e02      0x215 Drivers\STM32L0xx_HAL_Driver\stm32l0xx_hal_rcc.o
 .debug_abbrev  0x00001017      0x1c2 Drivers\STM32L0xx_HAL_Driver\stm32l0xx_hal_rcc_ex.o
 .debug_abbrev  0x000011d9      0x21f Drivers\STM32L0xx_HAL_Driver\stm32l0xx_hal_uart.o

.debug_aranges  0x00000000      0x758
 .debug_aranges
                0x00000000       0x28 Application\TrueSTUDIO\startup_stm32l051xx.o
 .debug_aranges
                0x00000028       0x48 Application\User\Core\main.o
 .debug_aranges
                0x00000070       0x40 Application\User\Core\stm32l0xx_hal_msp.o
 .debug_aranges
                0x000000b0       0x40 Application\User\Core\stm32l0xx_it.o
 .debug_aranges
                0x000000f0       0x28 Drivers\CMSIS\system_stm32l0xx.o
 .debug_aranges
                0x00000118      0x110 Drivers\STM32L0xx_HAL_Driver\stm32l0xx_hal.o
 .debug_aranges
                0x00000228      0x100 Drivers\STM32L0xx_HAL_Driver\stm32l0xx_hal_adc.o
 .debug_aranges
                0x00000328       0xd8 Drivers\STM32L0xx_HAL_Driver\stm32l0xx_hal_cortex.o
 .debug_aranges
                0x00000400       0x58 Drivers\STM32L0xx_HAL_Driver\stm32l0xx_hal_gpio.o
 .debug_aranges
                0x00000458       0x80 Drivers\STM32L0xx_HAL_Driver\stm32l0xx_hal_rcc.o
 .debug_aranges
                0x000004d8       0x58 Drivers\STM32L0xx_HAL_Driver\stm32l0xx_hal_rcc_ex.o
 .debug_aranges
                0x00000530      0x228 Drivers\STM32L0xx_HAL_Driver\stm32l0xx_hal_uart.o

.debug_ranges   0x00000000      0x6d0
 .debug_ranges  0x00000000       0x20 Application\TrueSTUDIO\startup_stm32l051xx.o
 .debug_ranges  0x00000020       0x38 Application\User\Core\main.o
 .debug_ranges  0x00000058       0x30 Application\User\Core\stm32l0xx_hal_msp.o
 .debug_ranges  0x00000088       0x30 Application\User\Core\stm32l0xx_it.o
 .debug_ranges  0x000000b8       0x18 Drivers\CMSIS\system_stm32l0xx.o
 .debug_ranges  0x000000d0      0x100 Drivers\STM32L0xx_HAL_Driver\stm32l0xx_hal.o
 .debug_ranges  0x000001d0       0xf0 Drivers\STM32L0xx_HAL_Driver\stm32l0xx_hal_adc.o
 .debug_ranges  0x000002c0       0xc8 Drivers\STM32L0xx_HAL_Driver\stm32l0xx_hal_cortex.o
 .debug_ranges  0x00000388       0x48 Drivers\STM32L0xx_HAL_Driver\stm32l0xx_hal_gpio.o
 .debug_ranges  0x000003d0       0x70 Drivers\STM32L0xx_HAL_Driver\stm32l0xx_hal_rcc.o
 .debug_ranges  0x00000440       0x48 Drivers\STM32L0xx_HAL_Driver\stm32l0xx_hal_rcc_ex.o
 .debug_ranges  0x00000488      0x248 Drivers\STM32L0xx_HAL_Driver\stm32l0xx_hal_uart.o

.debug_str      0x00000000     0x24ab
 .debug_str     0x00000000      0xbe2 Application\User\Core\main.o
                                0xc8d (size before relaxing)
 .debug_str     0x00000be2       0x7e Application\User\Core\stm32l0xx_hal_msp.o
                                0xa28 (size before relaxing)
 .debug_str     0x00000c60       0x6a Application\User\Core\stm32l0xx_it.o
                                0x30c (size before relaxing)
 .debug_str     0x00000cca       0x67 Drivers\CMSIS\system_stm32l0xx.o
                                0x3a1 (size before relaxing)
 .debug_str     0x00000d31      0x50e Drivers\STM32L0xx_HAL_Driver\stm32l0xx_hal.o
                                0x898 (size before relaxing)
 .debug_str     0x0000123f      0x314 Drivers\STM32L0xx_HAL_Driver\stm32l0xx_hal_adc.o
                                0xa57 (size before relaxing)
 .debug_str     0x00001553      0x385 Drivers\STM32L0xx_HAL_Driver\stm32l0xx_hal_cortex.o
                                0x80b (size before relaxing)
 .debug_str     0x000018d8      0x12b Drivers\STM32L0xx_HAL_Driver\stm32l0xx_hal_gpio.o
                                0x579 (size before relaxing)
 .debug_str     0x00001a03      0x1ee Drivers\STM32L0xx_HAL_Driver\stm32l0xx_hal_rcc.o
                                0x767 (size before relaxing)
 .debug_str     0x00001bf1      0x140 Drivers\STM32L0xx_HAL_Driver\stm32l0xx_hal_rcc_ex.o
                                0x5b9 (size before relaxing)
 .debug_str     0x00001d31      0x77a Drivers\STM32L0xx_HAL_Driver\stm32l0xx_hal_uart.o
                                0xf67 (size before relaxing)

.comment        0x00000000       0x7c
 .comment       0x00000000       0x7c Application\User\Core\main.o
                                 0x7d (size before relaxing)
 .comment       0x0000007c       0x7d Application\User\Core\stm32l0xx_hal_msp.o
 .comment       0x0000007c       0x7d Application\User\Core\stm32l0xx_it.o
 .comment       0x0000007c       0x7d Drivers\CMSIS\system_stm32l0xx.o
 .comment       0x0000007c       0x7d Drivers\STM32L0xx_HAL_Driver\stm32l0xx_hal.o
 .comment       0x0000007c       0x7d Drivers\STM32L0xx_HAL_Driver\stm32l0xx_hal_adc.o
 .comment       0x0000007c       0x7d Drivers\STM32L0xx_HAL_Driver\stm32l0xx_hal_cortex.o
 .comment       0x0000007c       0x7d Drivers\STM32L0xx_HAL_Driver\stm32l0xx_hal_gpio.o
 .comment       0x0000007c       0x7d Drivers\STM32L0xx_HAL_Driver\stm32l0xx_hal_rcc.o
 .comment       0x0000007c       0x7d Drivers\STM32L0xx_HAL_Driver\stm32l0xx_hal_rcc_ex.o
 .comment       0x0000007c       0x7d Drivers\STM32L0xx_HAL_Driver\stm32l0xx_hal_uart.o

.debug_frame    0x00000000     0x1970
 .debug_frame   0x00000000       0xc4 Application\User\Core\main.o
 .debug_frame   0x000000c4       0xac Application\User\Core\stm32l0xx_hal_msp.o
 .debug_frame   0x00000170       0x9c Application\User\Core\stm32l0xx_it.o
 .debug_frame   0x0000020c       0x4c Drivers\CMSIS\system_stm32l0xx.o
 .debug_frame   0x00000258      0x390 Drivers\STM32L0xx_HAL_Driver\stm32l0xx_hal.o
 .debug_frame   0x000005e8      0x3b0 Drivers\STM32L0xx_HAL_Driver\stm32l0xx_hal_adc.o
 .debug_frame   0x00000998      0x300 Drivers\STM32L0xx_HAL_Driver\stm32l0xx_hal_cortex.o
 .debug_frame   0x00000c98      0x110 Drivers\STM32L0xx_HAL_Driver\stm32l0xx_hal_gpio.o
 .debug_frame   0x00000da8      0x19c Drivers\STM32L0xx_HAL_Driver\stm32l0xx_hal_rcc.o
 .debug_frame   0x00000f44       0xfc Drivers\STM32L0xx_HAL_Driver\stm32l0xx_hal_rcc_ex.o
 .debug_frame   0x00001040      0x854 Drivers\STM32L0xx_HAL_Driver\stm32l0xx_hal_uart.o
 .debug_frame   0x00001894       0x2c c:/program files (x86)/atollic/truestudio for stm32 9.3.0/armtools/bin/../lib/gcc/arm-atollic-eabi/6.3.1/../../../../arm-atollic-eabi/lib/armv6-m\libc_nano.a(lib_a-init.o)
 .debug_frame   0x000018c0       0x20 c:/program files (x86)/atollic/truestudio for stm32 9.3.0/armtools/bin/../lib/gcc/arm-atollic-eabi/6.3.1/../../../../arm-atollic-eabi/lib/armv6-m\libc_nano.a(lib_a-memset.o)
 .debug_frame   0x000018e0       0x20 c:/program files (x86)/atollic/truestudio for stm32 9.3.0/armtools/bin/../lib/gcc/arm-atollic-eabi/6.3.1/armv6-m\libgcc.a(_udivsi3.o)
 .debug_frame   0x00001900       0x34 c:/program files (x86)/atollic/truestudio for stm32 9.3.0/armtools/bin/../lib/gcc/arm-atollic-eabi/6.3.1/armv6-m\libgcc.a(_muldi3.o)
 .debug_frame   0x00001934       0x3c c:/program files (x86)/atollic/truestudio for stm32 9.3.0/armtools/bin/../lib/gcc/arm-atollic-eabi/6.3.1/armv6-m\libgcc.a(_udivmoddi4.o)
