hal_wrapper.c:18:6:gpio_init	8	static
hal_wrapper.c:28:6:set_left_attenuation	16	static
hal_wrapper.c:38:6:set_right_attenuation	16	static
hal_wrapper.c:48:6:set_switch	16	static
hal_wrapper.c:65:6:set_diff_gain	24	static
hal_wrapper.c:102:6:set_amp_enable	16	static
hal_wrapper.c:119:4:read_adc	32	static
hal_wrapper.c:158:6:uart_init	8	static
hal_wrapper.c:169:7:HAL_UART_RxCpltCallback	16	static
hal_wrapper.c:181:4:get_uart_byte	16	static
hal_wrapper.c:211:4:send_uart_byte	16	static
hal_wrapper.c:217:6:set_led	16	static
