hal_wrapper.c:18:6:gpio_init	8	static
hal_wrapper.c:27:6:set_left_attenuation	16	static
hal_wrapper.c:37:6:set_right_attenuation	16	static
hal_wrapper.c:47:6:set_switch	16	static
hal_wrapper.c:64:6:set_diff_gain	24	static
hal_wrapper.c:94:6:set_amp_enable	16	static
hal_wrapper.c:111:4:read_adc	32	static
hal_wrapper.c:150:6:uart_init	8	static
hal_wrapper.c:161:7:HAL_UART_RxCpltCallback	16	static
hal_wrapper.c:173:4:get_uart_byte	16	static
hal_wrapper.c:203:4:send_uart_byte	16	static
hal_wrapper.c:209:6:set_led	16	static
